../peripheral/Src/motors.cpp:13:6:void Stepper_Init(TIM_HandleTypeDef*)	4	static
../peripheral/Src/motors.cpp:38:9:uint8_t Stepper_Move(int32_t)	24	static
../peripheral/Src/motors.cpp:69:6:void Stepper_TIM_Interrupt()	16	static
../peripheral/Src/motors.cpp:62:6:void Stepper_Stop()	8	static
../peripheral/Src/motors.cpp:110:6:void Stepper_Enable(uint8_t)	8	static
../peripheral/Src/motors.cpp:117:6:void Stepper_Reset()	16	static
../peripheral/Src/motors.cpp:125:6:void Stepper_SetSpeed(uint32_t)	8	static
