../peripheral/Src/stepper_setting.cpp:111:10:uint32_t reverseData(uint32_t)	0	static
../peripheral/Src/stepper_setting.cpp:125:6:void print_bin64(uint64_t)	24	static
../peripheral/Src/stepper_setting.cpp:134:6:void print_bin32(uint64_t)	24	static
../peripheral/Src/stepper_setting.cpp:143:6:void write(uint8_t, uint32_t)	32	static
../peripheral/Src/stepper_setting.cpp:15:6:void gconfSetup(GlobalConfig&)	0	static
../peripheral/Src/stepper_setting.cpp:28:6:void cconfSetup(ChopperConfig&, uint8_t)	0	static
../peripheral/Src/stepper_setting.cpp:42:6:void currentSetup(DriverCurrent&, uint8_t, uint8_t)	24	static
../peripheral/Src/stepper_setting.cpp:61:6:void coolSetup(CoolConfig&)	0	static
../peripheral/Src/stepper_setting.cpp:158:6:void read(uint8_t)	24	static
../peripheral/Src/stepper_setting.cpp:173:6:void received()	8	static
