../peripheral/Src/stepper_setting.cpp:99:10:uint32_t reverseData(uint32_t)	0	static
../peripheral/Src/stepper_setting.cpp:113:6:void print_bin64(uint64_t)	24	static
../peripheral/Src/stepper_setting.cpp:122:6:void print_bin32(uint64_t)	24	static
../peripheral/Src/stepper_setting.cpp:131:6:void write(uint8_t, uint32_t)	32	static
../peripheral/Src/stepper_setting.cpp:12:6:void gconfSetup(GlobalConfig&)	0	static
../peripheral/Src/stepper_setting.cpp:25:6:void cconfSetup(ChopperConfig&, uint8_t)	0	static
../peripheral/Src/stepper_setting.cpp:39:6:void currentSetup(DriverCurrent&, uint8_t, uint8_t)	0	static
../peripheral/Src/stepper_setting.cpp:49:6:void coolSetup(CoolConfig&)	0	static
../peripheral/Src/stepper_setting.cpp:146:6:void read(uint8_t)	24	static
../peripheral/Src/stepper_setting.cpp:161:6:void received()	8	static
