../Core/Src/main.cpp:112:9:int _write(int, char*, int)	8	static
../Core/Src/main.cpp:118:6:void print(char*)	8	static
../Core/Src/main.cpp:122:6:void delay_us(uint16_t)	0	static
../Core/Src/main.cpp:309:6:void HAL_TIM_PeriodElapsedCallback(TIM_HandleTypeDef*)	0	static
../Core/Src/main.cpp:315:6:void HAL_GPIO_EXTI_Callback(uint16_t)	0	static
../Core/Src/main.cpp:328:6:void HAL_UART_RxCpltCallback(UART_HandleTypeDef*)	16	static
../Core/Src/main.cpp:761:6:void Error_Handler()	8	static,ignoring_inline_asm
../Core/Src/main.cpp:385:6:void SystemClock_Config()	72	static
../Core/Src/main.cpp:133:5:int main()	88	static
