Archive member included to satisfy reference by file (symbol)

/Applications/STM32CubeIDE 2.app/Contents/Eclipse/plugins/com.st.stm32cube.ide.mcu.externaltools.gnu-tools-for-stm32.13.3.rel1.macos64_1.0.0.202411102158/tools/bin/../lib/gcc/arm-none-eabi/13.3.1/../../../../arm-none-eabi/lib/thumb/v7-m/nofp/libm.a(libm_a-sf_round.o)
                              ./peripheral/Src/rotary.o (roundf)
/Applications/STM32CubeIDE 2.app/Contents/Eclipse/plugins/com.st.stm32cube.ide.mcu.externaltools.gnu-tools-for-stm32.13.3.rel1.macos64_1.0.0.202411102158/tools/bin/../lib/gcc/arm-none-eabi/13.3.1/../../../../arm-none-eabi/lib/thumb/v7-m/nofp/libc_nano.a(libc_a-exit.o)
                              /Applications/STM32CubeIDE 2.app/Contents/Eclipse/plugins/com.st.stm32cube.ide.mcu.externaltools.gnu-tools-for-stm32.13.3.rel1.macos64_1.0.0.202411102158/tools/bin/../lib/gcc/arm-none-eabi/13.3.1/../../../../arm-none-eabi/lib/thumb/v7-m/nofp/crt0.o (exit)
/Applications/STM32CubeIDE 2.app/Contents/Eclipse/plugins/com.st.stm32cube.ide.mcu.externaltools.gnu-tools-for-stm32.13.3.rel1.macos64_1.0.0.202411102158/tools/bin/../lib/gcc/arm-none-eabi/13.3.1/../../../../arm-none-eabi/lib/thumb/v7-m/nofp/libc_nano.a(libc_a-nano-vfprintf_float.o)
                              (_printf_float)
/Applications/STM32CubeIDE 2.app/Contents/Eclipse/plugins/com.st.stm32cube.ide.mcu.externaltools.gnu-tools-for-stm32.13.3.rel1.macos64_1.0.0.202411102158/tools/bin/../lib/gcc/arm-none-eabi/13.3.1/../../../../arm-none-eabi/lib/thumb/v7-m/nofp/libc_nano.a(libc_a-nano-vfprintf_i.o)
                              /Applications/STM32CubeIDE 2.app/Contents/Eclipse/plugins/com.st.stm32cube.ide.mcu.externaltools.gnu-tools-for-stm32.13.3.rel1.macos64_1.0.0.202411102158/tools/bin/../lib/gcc/arm-none-eabi/13.3.1/../../../../arm-none-eabi/lib/thumb/v7-m/nofp/libc_nano.a(libc_a-nano-vfprintf_float.o) (_printf_common)
/Applications/STM32CubeIDE 2.app/Contents/Eclipse/plugins/com.st.stm32cube.ide.mcu.externaltools.gnu-tools-for-stm32.13.3.rel1.macos64_1.0.0.202411102158/tools/bin/../lib/gcc/arm-none-eabi/13.3.1/../../../../arm-none-eabi/lib/thumb/v7-m/nofp/libc_nano.a(libc_a-findfp.o)
                              /Applications/STM32CubeIDE 2.app/Contents/Eclipse/plugins/com.st.stm32cube.ide.mcu.externaltools.gnu-tools-for-stm32.13.3.rel1.macos64_1.0.0.202411102158/tools/bin/../lib/gcc/arm-none-eabi/13.3.1/../../../../arm-none-eabi/lib/thumb/v7-m/nofp/libc_nano.a(libc_a-exit.o) (__stdio_exit_handler)
/Applications/STM32CubeIDE 2.app/Contents/Eclipse/plugins/com.st.stm32cube.ide.mcu.externaltools.gnu-tools-for-stm32.13.3.rel1.macos64_1.0.0.202411102158/tools/bin/../lib/gcc/arm-none-eabi/13.3.1/../../../../arm-none-eabi/lib/thumb/v7-m/nofp/libc_nano.a(libc_a-fwalk.o)
                              /Applications/STM32CubeIDE 2.app/Contents/Eclipse/plugins/com.st.stm32cube.ide.mcu.externaltools.gnu-tools-for-stm32.13.3.rel1.macos64_1.0.0.202411102158/tools/bin/../lib/gcc/arm-none-eabi/13.3.1/../../../../arm-none-eabi/lib/thumb/v7-m/nofp/libc_nano.a(libc_a-findfp.o) (_fwalk_sglue)
/Applications/STM32CubeIDE 2.app/Contents/Eclipse/plugins/com.st.stm32cube.ide.mcu.externaltools.gnu-tools-for-stm32.13.3.rel1.macos64_1.0.0.202411102158/tools/bin/../lib/gcc/arm-none-eabi/13.3.1/../../../../arm-none-eabi/lib/thumb/v7-m/nofp/libc_nano.a(libc_a-printf.o)
                              ./Core/Src/main.o (printf)
/Applications/STM32CubeIDE 2.app/Contents/Eclipse/plugins/com.st.stm32cube.ide.mcu.externaltools.gnu-tools-for-stm32.13.3.rel1.macos64_1.0.0.202411102158/tools/bin/../lib/gcc/arm-none-eabi/13.3.1/../../../../arm-none-eabi/lib/thumb/v7-m/nofp/libc_nano.a(libc_a-putchar.o)
                              ./peripheral/Src/stepper_setting.o (putchar)
/Applications/STM32CubeIDE 2.app/Contents/Eclipse/plugins/com.st.stm32cube.ide.mcu.externaltools.gnu-tools-for-stm32.13.3.rel1.macos64_1.0.0.202411102158/tools/bin/../lib/gcc/arm-none-eabi/13.3.1/../../../../arm-none-eabi/lib/thumb/v7-m/nofp/libc_nano.a(libc_a-puts.o)
                              ./Core/Src/main.o (puts)
/Applications/STM32CubeIDE 2.app/Contents/Eclipse/plugins/com.st.stm32cube.ide.mcu.externaltools.gnu-tools-for-stm32.13.3.rel1.macos64_1.0.0.202411102158/tools/bin/../lib/gcc/arm-none-eabi/13.3.1/../../../../arm-none-eabi/lib/thumb/v7-m/nofp/libc_nano.a(libc_a-memset.o)
                              /Applications/STM32CubeIDE 2.app/Contents/Eclipse/plugins/com.st.stm32cube.ide.mcu.externaltools.gnu-tools-for-stm32.13.3.rel1.macos64_1.0.0.202411102158/tools/bin/../lib/gcc/arm-none-eabi/13.3.1/../../../../arm-none-eabi/lib/thumb/v7-m/nofp/crt0.o (memset)
/Applications/STM32CubeIDE 2.app/Contents/Eclipse/plugins/com.st.stm32cube.ide.mcu.externaltools.gnu-tools-for-stm32.13.3.rel1.macos64_1.0.0.202411102158/tools/bin/../lib/gcc/arm-none-eabi/13.3.1/../../../../arm-none-eabi/lib/thumb/v7-m/nofp/libc_nano.a(libc_a-errno.o)
                              ./Core/Src/syscalls.o (__errno)
[...]
Memory Configuration

Name             Origin             Length             Attributes
RAM              0x20000000         0x00005000         xrw
FLASH            0x08000000         0x00010000         xr
*default*        0x00000000         0xffffffff

Linker script and memory map

LOAD /Applications/STM32CubeIDE 2.app/Contents/Eclipse/plugins/com.st.stm32cube.ide.mcu.externaltools.gnu-tools-for-stm32.13.3.rel1.macos64_1.0.0.202411102158/tools/bin/../lib/gcc/arm-none-eabi/13.3.1/thumb/v7-m/nofp/crti.o
LOAD /Applications/STM32CubeIDE 2.app/Contents/Eclipse/plugins/com.st.stm32cube.ide.mcu.externaltools.gnu-tools-for-stm32.13.3.rel1.macos64_1.0.0.202411102158/tools/bin/../lib/gcc/arm-none-eabi/13.3.1/thumb/v7-m/nofp/crtbegin.o
LOAD /Applications/STM32CubeIDE 2.app/Contents/Eclipse/plugins/com.st.stm32cube.ide.mcu.externaltools.gnu-tools-for-stm32.13.3.rel1.macos64_1.0.0.202411102158/tools/bin/../lib/gcc/arm-none-eabi/13.3.1/../../../../arm-none-eabi/lib/thumb/v7-m/nofp/crt0.o
LOAD ./Core/Src/main.o
LOAD ./Core/Src/stm32f1xx_hal_msp.o
LOAD ./Core/Src/stm32f1xx_it.o
LOAD ./Core/Src/syscalls.o
LOAD ./Core/Src/sysmem.o
LOAD ./Core/Src/system_stm32f1xx.o
LOAD ./Core/Startup/startup_stm32f103c8tx.o
LOAD ./Drivers/STM32F1xx_HAL_Driver/Src/stm32f1xx_hal.o
LOAD ./Drivers/STM32F1xx_HAL_Driver/Src/stm32f1xx_hal_can.o
LOAD ./Drivers/STM32F1xx_HAL_Driver/Src/stm32f1xx_hal_cortex.o
LOAD ./Drivers/STM32F1xx_HAL_Driver/Src/stm32f1xx_hal_dma.o
LOAD ./Drivers/STM32F1xx_HAL_Driver/Src/stm32f1xx_hal_exti.o
LOAD ./Drivers/STM32F1xx_HAL_Driver/Src/stm32f1xx_hal_flash.o
LOAD ./Drivers/STM32F1xx_HAL_Driver/Src/stm32f1xx_hal_flash_ex.o
LOAD ./Drivers/STM32F1xx_HAL_Driver/Src/stm32f1xx_hal_gpio.o
LOAD ./Drivers/STM32F1xx_HAL_Driver/Src/stm32f1xx_hal_gpio_ex.o
LOAD ./Drivers/STM32F1xx_HAL_Driver/Src/stm32f1xx_hal_i2c.o
LOAD ./Drivers/STM32F1xx_HAL_Driver/Src/stm32f1xx_hal_pwr.o
LOAD ./Drivers/STM32F1xx_HAL_Driver/Src/stm32f1xx_hal_rcc.o
LOAD ./Drivers/STM32F1xx_HAL_Driver/Src/stm32f1xx_hal_rcc_ex.o
LOAD ./Drivers/STM32F1xx_HAL_Driver/Src/stm32f1xx_hal_tim.o
LOAD ./Drivers/STM32F1xx_HAL_Driver/Src/stm32f1xx_hal_tim_ex.o
LOAD ./Drivers/STM32F1xx_HAL_Driver/Src/stm32f1xx_hal_uart.o
LOAD ./peripheral/Src/can.o
LOAD ./peripheral/Src/motors.o
LOAD ./peripheral/Src/rotary.o
LOAD ./peripheral/Src/stepper_setting.o
START GROUP
LOAD /Applications/STM32CubeIDE 2.app/Contents/Eclipse/plugins/com.st.stm32cube.ide.mcu.externaltools.gnu-tools-for-stm32.13.3.rel1.macos64_1.0.0.202411102158/tools/bin/../lib/gcc/arm-none-eabi/13.3.1/../../../../arm-none-eabi/lib/thumb/v7-m/nofp/libstdc++_nano.a
LOAD /Applications/STM32CubeIDE 2.app/Contents/Eclipse/plugins/com.st.stm32cube.ide.mcu.externaltools.gnu-tools-for-stm32.13.3.rel1.macos64_1.0.0.202411102158/tools/bin/../lib/gcc/arm-none-eabi/13.3.1/../../../../arm-none-eabi/lib/thumb/v7-m/nofp/libsupc++_nano.a
END GROUP
LOAD /Applications/STM32CubeIDE 2.app/Contents/Eclipse/plugins/com.st.stm32cube.ide.mcu.externaltools.gnu-tools-for-stm32.13.3.rel1.macos64_1.0.0.202411102158/tools/bin/../lib/gcc/arm-none-eabi/13.3.1/../../../../arm-none-eabi/lib/thumb/v7-m/nofp/libstdc++_nano.a
LOAD /Applications/STM32CubeIDE 2.app/Contents/Eclipse/plugins/com.st.stm32cube.ide.mcu.externaltools.gnu-tools-for-stm32.13.3.rel1.macos64_1.0.0.202411102158/tools/bin/../lib/gcc/arm-none-eabi/13.3.1/../../../../arm-none-eabi/lib/thumb/v7-m/nofp/libm.a
LOAD /Applications/STM32CubeIDE 2.app/Contents/Eclipse/plugins/com.st.stm32cube.ide.mcu.externaltools.gnu-tools-for-stm32.13.3.rel1.macos64_1.0.0.202411102158/tools/bin/../lib/gcc/arm-none-eabi/13.3.1/../../../../arm-none-eabi/lib/thumb/v7-m/nofp/libc_nano.a
START GROUP
LOAD /Applications/STM32CubeIDE 2.app/Contents/Eclipse/plugins/com.st.stm32cube.ide.mcu.externaltools.gnu-tools-for-stm32.13.3.rel1.macos64_1.0.0.202411102158/tools/bin/../lib/gcc/arm-none-eabi/13.3.1/thumb/v7-m/nofp/libgcc.a
LOAD /Applications/STM32CubeIDE 2.app/Contents/Eclipse/plugins/com.st.stm32cube.ide.mcu.externaltools.gnu-tools-for-stm32.13.3.rel1.macos64_1.0.0.202411102158/tools/bin/../lib/gcc/arm-none-eabi/13.3.1/../../../../arm-none-eabi/lib/thumb/v7-m/nofp/libc_nano.a
END GROUP
START GROUP
LOAD /Applications/STM32CubeIDE 2.app/Contents/Eclipse/plugins/com.st.stm32cube.ide.mcu.externaltools.gnu-tools-for-stm32.13.3.rel1.macos64_1.0.0.202411102158/tools/bin/../lib/gcc/arm-none-eabi/13.3.1/thumb/v7-m/nofp/libgcc.a
LOAD /Applications/STM32CubeIDE 2.app/Contents/Eclipse/plugins/com.st.stm32cube.ide.mcu.externaltools.gnu-tools-for-stm32.13.3.rel1.macos64_1.0.0.202411102158/tools/bin/../lib/gcc/arm-none-eabi/13.3.1/../../../../arm-none-eabi/lib/thumb/v7-m/nofp/libc_nano.a
END GROUP
LOAD /Applications/STM32CubeIDE 2.app/Contents/Eclipse/plugins/com.st.stm32cube.ide.mcu.externaltools.gnu-tools-for-stm32.13.3.rel1.macos64_1.0.0.202411102158/tools/bin/../lib/gcc/arm-none-eabi/13.3.1/thumb/v7-m/nofp/crtend.o
LOAD /Applications/STM32CubeIDE 2.app/Contents/Eclipse/plugins/com.st.stm32cube.ide.mcu.externaltools.gnu-tools-for-stm32.13.3.rel1.macos64_1.0.0.202411102158/tools/bin/../lib/gcc/arm-none-eabi/13.3.1/thumb/v7-m/nofp/crtn.o
                0x20005000                        _estack = (ORIGIN (RAM) + LENGTH (RAM))
                0x00000200                        _Min_Heap_Size = 0x200
                0x00000400                        _Min_Stack_Size = 0x400

.isr_vector     0x08000000      0x10c
                0x08000000                        . = ALIGN (0x4)
 *(.isr_vector)
 .isr_vector    0x08000000      0x10c ./Core/Startup/startup_stm32f103c8tx.o
                0x08000000                g_pfnVectors
                0x0800010c                        . = ALIGN (0x4)

.text           0x08000110     0xa3b4
                0x08000110                        . = ALIGN (0x4)
 *(.text)
 .text          0x08000110       0x40 /Applications/STM32CubeIDE 2.app/Contents/Eclipse/plugins/com.st.stm32cube.ide.mcu.externaltools.gnu-tools-for-stm32.13.3.rel1.macos64_1.0.0.202411102158/tools/bin/../lib/gcc/arm-none-eabi/13.3.1/thumb/v7-m/nofp/crtbegin.o
 .text          0x08000150       0x14 /Applications/STM32CubeIDE 2.app/Contents/Eclipse/plugins/com.st.stm32cube.ide.mcu.externaltools.gnu-tools-for-stm32.13.3.rel1.macos64_1.0.0.202411102158/tools/bin/../lib/gcc/arm-none-eabi/13.3.1/../../../../arm-none-eabi/lib/thumb/v7-m/nofp/libc_nano.a(libc_a-strcmp.o)
                0x08000150                strcmp
 .text          0x08000164       0x10 /Applications/STM32CubeIDE 2.app/Contents/Eclipse/plugins/com.st.stm32cube.ide.mcu.externaltools.gnu-tools-for-stm32.13.3.rel1.macos64_1.0.0.202411102158/tools/bin/../lib/gcc/arm-none-eabi/13.3.1/../../../../arm-none-eabi/lib/thumb/v7-m/nofp/libc_nano.a(libc_a-strlen.o)
                0x08000164                strlen
 .text          0x08000174      0x378 /Applications/STM32CubeIDE 2.app/Contents/Eclipse/plugins/com.st.stm32cube.ide.mcu.externaltools.gnu-tools-for-stm32.13.3.rel1.macos64_1.0.0.202411102158/tools/bin/../lib/gcc/arm-none-eabi/13.3.1/thumb/v7-m/nofp/libgcc.a(_arm_addsubdf3.o)
                0x08000174                __aeabi_drsub
                0x0800017c                __subdf3
                0x0800017c                __aeabi_dsub
                0x08000180                __aeabi_dadd
                0x08000180                __adddf3
                0x080003f8                __aeabi_ui2d
                0x080003f8                __floatunsidf
                0x08000418                __floatsidf
                0x08000418                __aeabi_i2d
                0x0800043c                __extendsfdf2
                0x0800043c                __aeabi_f2d
                0x08000480                __aeabi_ul2d
                0x08000480                __floatundidf
                0x08000490                __aeabi_l2d
                0x08000490                __floatdidf
 .text          0x080004ec      0x424 /Applications/STM32CubeIDE 2.app/Contents/Eclipse/plugins/com.st.stm32cube.ide.mcu.externaltools.gnu-tools-for-stm32.13.3.rel1.macos64_1.0.0.202411102158/tools/bin/../lib/gcc/arm-none-eabi/13.3.1/thumb/v7-m/nofp/libgcc.a(_arm_muldivdf3.o)
                0x080004ec                __aeabi_dmul
                0x080004ec                __muldf3
                0x08000740                __aeabi_ddiv
                0x08000740                __divdf3
 .text          0x08000910      0x110 /Applications/STM32CubeIDE 2.app/Contents/Eclipse/plugins/com.st.stm32cube.ide.mcu.externaltools.gnu-tools-for-stm32.13.3.rel1.macos64_1.0.0.202411102158/tools/bin/../lib/gcc/arm-none-eabi/13.3.1/thumb/v7-m/nofp/libgcc.a(_arm_cmpdf2.o)
                0x08000910                __gedf2
                0x08000910                __gtdf2
                0x08000918                __ledf2
                0x08000918                __ltdf2
                0x08000920                __cmpdf2
                0x08000920                __eqdf2
                0x08000920                __nedf2
                0x0800099c                __aeabi_cdrcmple
                0x080009ac                __aeabi_cdcmple
                0x080009ac                __aeabi_cdcmpeq
                0x080009bc                __aeabi_dcmpeq
                0x080009d0                __aeabi_dcmplt
                0x080009e4                __aeabi_dcmple
                0x080009f8                __aeabi_dcmpge
                0x08000a0c                __aeabi_dcmpgt
 .text          0x08000a20       0x2c /Applications/STM32CubeIDE 2.app/Contents/Eclipse/plugins/com.st.stm32cube.ide.mcu.externaltools.gnu-tools-for-stm32.13.3.rel1.macos64_1.0.0.202411102158/tools/bin/../lib/gcc/arm-none-eabi/13.3.1/thumb/v7-m/nofp/libgcc.a(_arm_unorddf2.o)
                0x08000a20                __aeabi_dcmpun
                0x08000a20                __unorddf2
 .text          0x08000a4c       0x50 /Applications/STM32CubeIDE 2.app/Contents/Eclipse/plugins/com.st.stm32cube.ide.mcu.externaltools.gnu-tools-for-stm32.13.3.rel1.macos64_1.0.0.202411102158/tools/bin/../lib/gcc/arm-none-eabi/13.3.1/thumb/v7-m/nofp/libgcc.a(_arm_fixdfsi.o)
                0x08000a4c                __fixdfsi
                0x08000a4c                __aeabi_d2iz
 .text          0x08000a9c      0x21c /Applications/STM32CubeIDE 2.app/Contents/Eclipse/plugins/com.st.stm32cube.ide.mcu.externaltools.gnu-tools-for-stm32.13.3.rel1.macos64_1.0.0.202411102158/tools/bin/../lib/gcc/arm-none-eabi/13.3.1/thumb/v7-m/nofp/libgcc.a(_arm_addsubsf3.o)
                0x08000a9c                __aeabi_frsub
                0x08000aa4                __aeabi_fsub
                0x08000aa4                __subsf3
                0x08000aa8                __aeabi_fadd
                0x08000aa8                __addsf3
                0x08000c08                __aeabi_ui2f
                0x08000c08                __floatunsisf
                0x08000c10                __floatsisf
                0x08000c10                __aeabi_i2f
                0x08000c2c                __aeabi_ul2f
                0x08000c2c                __floatundisf
                0x08000c3c                __aeabi_l2f
                0x08000c3c                __floatdisf
 .text          0x08000cb8      0x2a0 /Applications/STM32CubeIDE 2.app/Contents/Eclipse/plugins/com.st.stm32cube.ide.mcu.externaltools.gnu-tools-for-stm32.13.3.rel1.macos64_1.0.0.202411102158/tools/bin/../lib/gcc/arm-none-eabi/13.3.1/thumb/v7-m/nofp/libgcc.a(_arm_muldivsf3.o)
                0x08000cb8                __mulsf3
                0x08000cb8                __aeabi_fmul
                0x08000e20                __divsf3
                0x08000e20                __aeabi_fdiv
 .text          0x08000f58       0x4c /Applications/STM32CubeIDE 2.app/Contents/Eclipse/plugins/com.st.stm32cube.ide.mcu.externaltools.gnu-tools-for-stm32.13.3.rel1.macos64_1.0.0.202411102158/tools/bin/../lib/gcc/arm-none-eabi/13.3.1/thumb/v7-m/nofp/libgcc.a(_arm_fixsfsi.o)
                0x08000f58                __fixsfsi
                0x08000f58                __aeabi_f2iz
 .text          0x08000fa4       0x30 /Applications/STM32CubeIDE 2.app/Contents/Eclipse/plugins/com.st.stm32cube.ide.mcu.externaltools.gnu-tools-for-stm32.13.3.rel1.macos64_1.0.0.202411102158/tools/bin/../lib/gcc/arm-none-eabi/13.3.1/thumb/v7-m/nofp/libgcc.a(_aeabi_uldivmod.o)
                0x08000fa4                __aeabi_uldivmod
 .text          0x08000fd4      0x300 /Applications/STM32CubeIDE 2.app/Contents/Eclipse/plugins/com.st.stm32cube.ide.mcu.externaltools.gnu-tools-for-stm32.13.3.rel1.macos64_1.0.0.202411102158/tools/bin/../lib/gcc/arm-none-eabi/13.3.1/thumb/v7-m/nofp/libgcc.a(_udivmoddi4.o)
                0x08000fd4                __udivmoddi4
 .text          0x080012d4        0x4 /Applications/STM32CubeIDE 2.app/Contents/Eclipse/plugins/com.st.stm32cube.ide.mcu.externaltools.gnu-tools-for-stm32.13.3.rel1.macos64_1.0.0.202411102158/tools/bin/../lib/gcc/arm-none-eabi/13.3.1/thumb/v7-m/nofp/libgcc.a(_dvmd_tls.o)
                0x080012d4                __aeabi_ldiv0
                0x080012d4                __aeabi_idiv0
 *(.text*)
 .text._write   0x080012d8       0x18 ./Core/Src/main.o
                0x080012d8                _write
 .text.HAL_TIM_PeriodElapsedCallback
                0x080012f0       0x18 ./Core/Src/main.o
                0x080012f0                HAL_TIM_PeriodElapsedCallback
 .text.HAL_UART_RxCpltCallback
                0x08001308       0xc0 ./Core/Src/main.o
                0x08001308                HAL_UART_RxCpltCallback
 .text.Error_Handler
                0x080013c8       0x14 ./Core/Src/main.o
                0x080013c8                Error_Handler
 .text._Z18SystemClock_Configv
                0x080013dc       0x56 ./Core/Src/main.o
                0x080013dc                SystemClock_Config()
 *fill*         0x08001432        0x2 
 .text.startup.main
                0x08001434      0x4bc ./Core/Src/main.o
                0x08001434                main
 .text.HAL_MspInit
                0x080018f0       0x64 ./Core/Src/stm32f1xx_hal_msp.o
                0x080018f0                HAL_MspInit
 .text.HAL_CAN_MspInit
                0x08001954       0xe0 ./Core/Src/stm32f1xx_hal_msp.o
                0x08001954                HAL_CAN_MspInit
 .text.HAL_I2C_MspInit
                0x08001a34      0x14c ./Core/Src/stm32f1xx_hal_msp.o
                0x08001a34                HAL_I2C_MspInit
 .text.HAL_TIM_Base_MspInit
                0x08001b80       0x74 ./Core/Src/stm32f1xx_hal_msp.o
                0x08001b80                HAL_TIM_Base_MspInit
 .text.HAL_UART_MspInit
                0x08001bf4      0x1f4 ./Core/Src/stm32f1xx_hal_msp.o
                0x08001bf4                HAL_UART_MspInit
 .text.NMI_Handler
                0x08001de8        0x8 ./Core/Src/stm32f1xx_it.o
                0x08001de8                NMI_Handler
 .text.HardFault_Handler
                0x08001df0        0x8 ./Core/Src/stm32f1xx_it.o
                0x08001df0                HardFault_Handler
 .text.MemManage_Handler
                0x08001df8        0x8 ./Core/Src/stm32f1xx_it.o
                0x08001df8                MemManage_Handler
 .text.BusFault_Handler
                0x08001e00        0x8 ./Core/Src/stm32f1xx_it.o
                0x08001e00                BusFault_Handler
 .text.UsageFault_Handler
                0x08001e08        0x8 ./Core/Src/stm32f1xx_it.o
                0x08001e08                UsageFault_Handler
 .text.SVC_Handler
                0x08001e10        0xc ./Core/Src/stm32f1xx_it.o
                0x08001e10                SVC_Handler
 .text.DebugMon_Handler
                0x08001e1c        0xc ./Core/Src/stm32f1xx_it.o
                0x08001e1c                DebugMon_Handler
 .text.PendSV_Handler
                0x08001e28        0xc ./Core/Src/stm32f1xx_it.o
                0x08001e28                PendSV_Handler
 .text.SysTick_Handler
                0x08001e34        0xc ./Core/Src/stm32f1xx_it.o
                0x08001e34                SysTick_Handler
 .text.DMA1_Channel3_IRQHandler
                0x08001e40       0x14 ./Core/Src/stm32f1xx_it.o
                0x08001e40                DMA1_Channel3_IRQHandler
 .text.DMA1_Channel6_IRQHandler
                0x08001e54       0x14 ./Core/Src/stm32f1xx_it.o
                0x08001e54                DMA1_Channel6_IRQHandler
 .text.DMA1_Channel7_IRQHandler
                0x08001e68       0x14 ./Core/Src/stm32f1xx_it.o
                0x08001e68                DMA1_Channel7_IRQHandler
 .text.USB_LP_CAN1_RX0_IRQHandler
                0x08001e7c       0x14 ./Core/Src/stm32f1xx_it.o
                0x08001e7c                USB_LP_CAN1_RX0_IRQHandler
 .text.CAN1_RX1_IRQHandler
                0x08001e90       0x14 ./Core/Src/stm32f1xx_it.o
                0x08001e90                CAN1_RX1_IRQHandler
 .text.EXTI9_5_IRQHandler
                0x08001ea4        0xe ./Core/Src/stm32f1xx_it.o
                0x08001ea4                EXTI9_5_IRQHandler
 *fill*         0x08001eb2        0x2 
 .text.TIM4_IRQHandler
                0x08001eb4       0x14 ./Core/Src/stm32f1xx_it.o
                0x08001eb4                TIM4_IRQHandler
 .text.I2C1_EV_IRQHandler
                0x08001ec8       0x14 ./Core/Src/stm32f1xx_it.o
                0x08001ec8                I2C1_EV_IRQHandler
 .text.I2C1_ER_IRQHandler
                0x08001edc       0x14 ./Core/Src/stm32f1xx_it.o
                0x08001edc                I2C1_ER_IRQHandler
 .text.USART2_IRQHandler
                0x08001ef0       0x14 ./Core/Src/stm32f1xx_it.o
                0x08001ef0                USART2_IRQHandler
 .text.USART3_IRQHandler
                0x08001f04       0x14 ./Core/Src/stm32f1xx_it.o
                0x08001f04                USART3_IRQHandler
 .text._getpid  0x08001f18        0xe ./Core/Src/syscalls.o
                0x08001f18                _getpid
 .text._kill    0x08001f26       0x20 ./Core/Src/syscalls.o
                0x08001f26                _kill
 .text._exit    0x08001f46       0x16 ./Core/Src/syscalls.o
                0x08001f46                _exit
 .text._read    0x08001f5c       0x3a ./Core/Src/syscalls.o
                0x08001f5c                _read
 .text._close   0x08001f96       0x16 ./Core/Src/syscalls.o
                0x08001f96                _close
 .text._fstat   0x08001fac       0x1e ./Core/Src/syscalls.o
                0x08001fac                _fstat
 .text._isatty  0x08001fca       0x14 ./Core/Src/syscalls.o
                0x08001fca                _isatty
 .text._lseek   0x08001fde       0x18 ./Core/Src/syscalls.o
                0x08001fde                _lseek
 *fill*         0x08001ff6        0x2 
 .text._sbrk    0x08001ff8       0x6c ./Core/Src/sysmem.o
                0x08001ff8                _sbrk
 .text.SystemInit
                0x08002064        0xc ./Core/Src/system_stm32f1xx.o
                0x08002064                SystemInit
 .text.Reset_Handler
                0x08002070       0x48 ./Core/Startup/startup_stm32f103c8tx.o
                0x08002070                Reset_Handler
 .text.Default_Handler
                0x080020b8        0x2 ./Core/Startup/startup_stm32f103c8tx.o
                0x080020b8                USBWakeUp_IRQHandler
                0x080020b8                EXTI2_IRQHandler
                0x080020b8                TIM1_CC_IRQHandler
                0x080020b8                PVD_IRQHandler
                0x080020b8                EXTI3_IRQHandler
                0x080020b8                EXTI0_IRQHandler
                0x080020b8                I2C2_EV_IRQHandler
                0x080020b8                ADC1_2_IRQHandler
                0x080020b8                SPI1_IRQHandler
                0x080020b8                TAMPER_IRQHandler
                0x080020b8                DMA1_Channel4_IRQHandler
                0x080020b8                RTC_IRQHandler
                0x080020b8                TIM3_IRQHandler
                0x080020b8                RCC_IRQHandler
                0x080020b8                TIM1_TRG_COM_IRQHandler
                0x080020b8                DMA1_Channel1_IRQHandler
                0x080020b8                Default_Handler
                0x080020b8                EXTI15_10_IRQHandler
                0x080020b8                SPI2_IRQHandler
                0x080020b8                DMA1_Channel5_IRQHandler
                0x080020b8                EXTI4_IRQHandler
                0x080020b8                USB_HP_CAN1_TX_IRQHandler
                0x080020b8                TIM1_UP_IRQHandler
                0x080020b8                WWDG_IRQHandler
                0x080020b8                TIM2_IRQHandler
                0x080020b8                TIM1_BRK_IRQHandler
                0x080020b8                EXTI1_IRQHandler
                0x080020b8                I2C2_ER_IRQHandler
                0x080020b8                DMA1_Channel2_IRQHandler
                0x080020b8                CAN1_SCE_IRQHandler
                0x080020b8                FLASH_IRQHandler
                0x080020b8                USART1_IRQHandler
                0x080020b8                RTC_Alarm_IRQHandler
 *fill*         0x080020ba        0x2 
 .text.HAL_Init
                0x080020bc       0x2c ./Drivers/STM32F1xx_HAL_Driver/Src/stm32f1xx_hal.o
                0x080020bc                HAL_Init
 .text.HAL_InitTick
                0x080020e8       0x60 ./Drivers/STM32F1xx_HAL_Driver/Src/stm32f1xx_hal.o
                0x080020e8                HAL_InitTick
 .text.HAL_IncTick
                0x08002148       0x24 ./Drivers/STM32F1xx_HAL_Driver/Src/stm32f1xx_hal.o
                0x08002148                HAL_IncTick
 .text.HAL_GetTick
                0x0800216c       0x14 ./Drivers/STM32F1xx_HAL_Driver/Src/stm32f1xx_hal.o
                0x0800216c                HAL_GetTick
 .text.HAL_CAN_Init
                0x08002180      0x1f6 ./Drivers/STM32F1xx_HAL_Driver/Src/stm32f1xx_hal_can.o
                0x08002180                HAL_CAN_Init
 .text.HAL_CAN_ConfigFilter
                0x08002376      0x192 ./Drivers/STM32F1xx_HAL_Driver/Src/stm32f1xx_hal_can.o
                0x08002376                HAL_CAN_ConfigFilter
 .text.HAL_CAN_Start
                0x08002508       0x88 ./Drivers/STM32F1xx_HAL_Driver/Src/stm32f1xx_hal_can.o
                0x08002508                HAL_CAN_Start
 .text.HAL_CAN_AddTxMessage
                0x08002590      0x19e ./Drivers/STM32F1xx_HAL_Driver/Src/stm32f1xx_hal_can.o
                0x08002590                HAL_CAN_AddTxMessage
 .text.HAL_CAN_GetRxMessage
                0x0800272e      0x242 ./Drivers/STM32F1xx_HAL_Driver/Src/stm32f1xx_hal_can.o
                0x0800272e                HAL_CAN_GetRxMessage
 .text.HAL_CAN_ActivateNotification
                0x08002970       0x4a ./Drivers/STM32F1xx_HAL_Driver/Src/stm32f1xx_hal_can.o
                0x08002970                HAL_CAN_ActivateNotification
 .text.HAL_CAN_IRQHandler
                0x080029ba      0x36e ./Drivers/STM32F1xx_HAL_Driver/Src/stm32f1xx_hal_can.o
                0x080029ba                HAL_CAN_IRQHandler
 .text.HAL_CAN_TxMailbox0CompleteCallback
                0x08002d28       0x12 ./Drivers/STM32F1xx_HAL_Driver/Src/stm32f1xx_hal_can.o
                0x08002d28                HAL_CAN_TxMailbox0CompleteCallback
 .text.HAL_CAN_TxMailbox1CompleteCallback
                0x08002d3a       0x12 ./Drivers/STM32F1xx_HAL_Driver/Src/stm32f1xx_hal_can.o
                0x08002d3a                HAL_CAN_TxMailbox1CompleteCallback
 .text.HAL_CAN_TxMailbox2CompleteCallback
                0x08002d4c       0x12 ./Drivers/STM32F1xx_HAL_Driver/Src/stm32f1xx_hal_can.o
                0x08002d4c                HAL_CAN_TxMailbox2CompleteCallback
 .text.HAL_CAN_TxMailbox0AbortCallback
                0x08002d5e       0x12 ./Drivers/STM32F1xx_HAL_Driver/Src/stm32f1xx_hal_can.o
                0x08002d5e                HAL_CAN_TxMailbox0AbortCallback
 .text.HAL_CAN_TxMailbox1AbortCallback
                0x08002d70       0x12 ./Drivers/STM32F1xx_HAL_Driver/Src/stm32f1xx_hal_can.o
                0x08002d70                HAL_CAN_TxMailbox1AbortCallback
 .text.HAL_CAN_TxMailbox2AbortCallback
                0x08002d82       0x12 ./Drivers/STM32F1xx_HAL_Driver/Src/stm32f1xx_hal_can.o
                0x08002d82                HAL_CAN_TxMailbox2AbortCallback
 .text.HAL_CAN_RxFifo0FullCallback
                0x08002d94       0x12 ./Drivers/STM32F1xx_HAL_Driver/Src/stm32f1xx_hal_can.o
                0x08002d94                HAL_CAN_RxFifo0FullCallback
 .text.HAL_CAN_RxFifo1MsgPendingCallback
                0x08002da6       0x12 ./Drivers/STM32F1xx_HAL_Driver/Src/stm32f1xx_hal_can.o
                0x08002da6                HAL_CAN_RxFifo1MsgPendingCallback
 .text.HAL_CAN_RxFifo1FullCallback
                0x08002db8       0x12 ./Drivers/STM32F1xx_HAL_Driver/Src/stm32f1xx_hal_can.o
                0x08002db8                HAL_CAN_RxFifo1FullCallback
 .text.HAL_CAN_SleepCallback
                0x08002dca       0x12 ./Drivers/STM32F1xx_HAL_Driver/Src/stm32f1xx_hal_can.o
                0x08002dca                HAL_CAN_SleepCallback
 .text.HAL_CAN_WakeUpFromRxMsgCallback
                0x08002ddc       0x12 ./Drivers/STM32F1xx_HAL_Driver/Src/stm32f1xx_hal_can.o
                0x08002ddc                HAL_CAN_WakeUpFromRxMsgCallback
 .text.HAL_CAN_ErrorCallback
                0x08002dee       0x12 ./Drivers/STM32F1xx_HAL_Driver/Src/stm32f1xx_hal_can.o
                0x08002dee                HAL_CAN_ErrorCallback
 .text.__NVIC_SetPriorityGrouping
                0x08002e00       0x48 ./Drivers/STM32F1xx_HAL_Driver/Src/stm32f1xx_hal_cortex.o
 .text.__NVIC_GetPriorityGrouping
                0x08002e48       0x1c ./Drivers/STM32F1xx_HAL_Driver/Src/stm32f1xx_hal_cortex.o
 .text.__NVIC_EnableIRQ
                0x08002e64       0x38 ./Drivers/STM32F1xx_HAL_Driver/Src/stm32f1xx_hal_cortex.o
 .text.__NVIC_SetPriority
                0x08002e9c       0x54 ./Drivers/STM32F1xx_HAL_Driver/Src/stm32f1xx_hal_cortex.o
 .text.NVIC_EncodePriority
                0x08002ef0       0x64 ./Drivers/STM32F1xx_HAL_Driver/Src/stm32f1xx_hal_cortex.o
 .text.SysTick_Config
                0x08002f54       0x44 ./Drivers/STM32F1xx_HAL_Driver/Src/stm32f1xx_hal_cortex.o
 .text.HAL_NVIC_SetPriorityGrouping
                0x08002f98       0x16 ./Drivers/STM32F1xx_HAL_Driver/Src/stm32f1xx_hal_cortex.o
                0x08002f98                HAL_NVIC_SetPriorityGrouping
 .text.HAL_NVIC_SetPriority
                0x08002fae       0x38 ./Drivers/STM32F1xx_HAL_Driver/Src/stm32f1xx_hal_cortex.o
                0x08002fae                HAL_NVIC_SetPriority
 .text.HAL_NVIC_EnableIRQ
                0x08002fe6       0x1c ./Drivers/STM32F1xx_HAL_Driver/Src/stm32f1xx_hal_cortex.o
                0x08002fe6                HAL_NVIC_EnableIRQ
 .text.HAL_SYSTICK_Config
                0x08003002       0x18 ./Drivers/STM32F1xx_HAL_Driver/Src/stm32f1xx_hal_cortex.o
                0x08003002                HAL_SYSTICK_Config
 *fill*         0x0800301a        0x2 
 .text.HAL_DMA_Init
                0x0800301c       0xb4 ./Drivers/STM32F1xx_HAL_Driver/Src/stm32f1xx_hal_dma.o
                0x0800301c                HAL_DMA_Init
 .text.HAL_DMA_Abort
                0x080030d0       0x76 ./Drivers/STM32F1xx_HAL_Driver/Src/stm32f1xx_hal_dma.o
                0x080030d0                HAL_DMA_Abort
 *fill*         0x08003146        0x2 
 .text.HAL_DMA_Abort_IT
                0x08003148       0xf0 ./Drivers/STM32F1xx_HAL_Driver/Src/stm32f1xx_hal_dma.o
                0x08003148                HAL_DMA_Abort_IT
 .text.HAL_DMA_IRQHandler
                0x08003238      0x20c ./Drivers/STM32F1xx_HAL_Driver/Src/stm32f1xx_hal_dma.o
                0x08003238                HAL_DMA_IRQHandler
 .text.HAL_DMA_GetState
                0x08003444       0x1a ./Drivers/STM32F1xx_HAL_Driver/Src/stm32f1xx_hal_dma.o
                0x08003444                HAL_DMA_GetState
 *fill*         0x0800345e        0x2 
 .text.HAL_GPIO_Init
                0x08003460      0x308 ./Drivers/STM32F1xx_HAL_Driver/Src/stm32f1xx_hal_gpio.o
                0x08003460                HAL_GPIO_Init
 .text.HAL_GPIO_ReadPin
                0x08003768       0x2e ./Drivers/STM32F1xx_HAL_Driver/Src/stm32f1xx_hal_gpio.o
                0x08003768                HAL_GPIO_ReadPin
 .text.HAL_GPIO_WritePin
                0x08003796       0x30 ./Drivers/STM32F1xx_HAL_Driver/Src/stm32f1xx_hal_gpio.o
                0x08003796                HAL_GPIO_WritePin
 *fill*         0x080037c6        0x2 
 .text.HAL_GPIO_EXTI_IRQHandler
                0x080037c8       0x30 ./Drivers/STM32F1xx_HAL_Driver/Src/stm32f1xx_hal_gpio.o
                0x080037c8                HAL_GPIO_EXTI_IRQHandler
 .text.HAL_GPIO_EXTI_Callback
                0x080037f8       0x14 ./Drivers/STM32F1xx_HAL_Driver/Src/stm32f1xx_hal_gpio.o
                0x080037f8                HAL_GPIO_EXTI_Callback
 .text.HAL_I2C_Init
                0x0800380c      0x288 ./Drivers/STM32F1xx_HAL_Driver/Src/stm32f1xx_hal_i2c.o
                0x0800380c                HAL_I2C_Init
 .text.I2C_Flush_DR
                0x08003a94       0x28 ./Drivers/STM32F1xx_HAL_Driver/Src/stm32f1xx_hal_i2c.o
 .text.HAL_I2C_EV_IRQHandler
                0x08003abc      0x2e2 ./Drivers/STM32F1xx_HAL_Driver/Src/stm32f1xx_hal_i2c.o
                0x08003abc                HAL_I2C_EV_IRQHandler
 .text.HAL_I2C_ER_IRQHandler
                0x08003d9e      0x15e ./Drivers/STM32F1xx_HAL_Driver/Src/stm32f1xx_hal_i2c.o
                0x08003d9e                HAL_I2C_ER_IRQHandler
 .text.HAL_I2C_MasterTxCpltCallback
                0x08003efc       0x12 ./Drivers/STM32F1xx_HAL_Driver/Src/stm32f1xx_hal_i2c.o
                0x08003efc                HAL_I2C_MasterTxCpltCallback
 .text.HAL_I2C_MasterRxCpltCallback
                0x08003f0e       0x12 ./Drivers/STM32F1xx_HAL_Driver/Src/stm32f1xx_hal_i2c.o
                0x08003f0e                HAL_I2C_MasterRxCpltCallback
 .text.HAL_I2C_SlaveTxCpltCallback
                0x08003f20       0x12 ./Drivers/STM32F1xx_HAL_Driver/Src/stm32f1xx_hal_i2c.o
                0x08003f20                HAL_I2C_SlaveTxCpltCallback
 .text.HAL_I2C_SlaveRxCpltCallback
                0x08003f32       0x12 ./Drivers/STM32F1xx_HAL_Driver/Src/stm32f1xx_hal_i2c.o
                0x08003f32                HAL_I2C_SlaveRxCpltCallback
 .text.HAL_I2C_AddrCallback
                0x08003f44       0x1a ./Drivers/STM32F1xx_HAL_Driver/Src/stm32f1xx_hal_i2c.o
                0x08003f44                HAL_I2C_AddrCallback
 .text.HAL_I2C_ListenCpltCallback
                0x08003f5e       0x12 ./Drivers/STM32F1xx_HAL_Driver/Src/stm32f1xx_hal_i2c.o
                0x08003f5e                HAL_I2C_ListenCpltCallback
 .text.HAL_I2C_MemTxCpltCallback
                0x08003f70       0x12 ./Drivers/STM32F1xx_HAL_Driver/Src/stm32f1xx_hal_i2c.o
                0x08003f70                HAL_I2C_MemTxCpltCallback
 .text.HAL_I2C_MemRxCpltCallback
                0x08003f82       0x12 ./Drivers/STM32F1xx_HAL_Driver/Src/stm32f1xx_hal_i2c.o
                0x08003f82                HAL_I2C_MemRxCpltCallback
 .text.HAL_I2C_ErrorCallback
                0x08003f94       0x12 ./Drivers/STM32F1xx_HAL_Driver/Src/stm32f1xx_hal_i2c.o
                0x08003f94                HAL_I2C_ErrorCallback
 .text.HAL_I2C_AbortCpltCallback
                0x08003fa6       0x12 ./Drivers/STM32F1xx_HAL_Driver/Src/stm32f1xx_hal_i2c.o
                0x08003fa6                HAL_I2C_AbortCpltCallback
 .text.I2C_MasterTransmit_TXE
                0x08003fb8      0x138 ./Drivers/STM32F1xx_HAL_Driver/Src/stm32f1xx_hal_i2c.o
 .text.I2C_MasterTransmit_BTF
                0x080040f0       0xec ./Drivers/STM32F1xx_HAL_Driver/Src/stm32f1xx_hal_i2c.o
 .text.I2C_MemoryTransmit_TXE_BTF
                0x080041dc      0x130 ./Drivers/STM32F1xx_HAL_Driver/Src/stm32f1xx_hal_i2c.o
 .text.I2C_MasterReceive_RXNE
                0x0800430c      0x190 ./Drivers/STM32F1xx_HAL_Driver/Src/stm32f1xx_hal_i2c.o
 .text.I2C_MasterReceive_BTF
                0x0800449c      0x1e2 ./Drivers/STM32F1xx_HAL_Driver/Src/stm32f1xx_hal_i2c.o
 .text.I2C_Master_SB
                0x0800467e      0x10a ./Drivers/STM32F1xx_HAL_Driver/Src/stm32f1xx_hal_i2c.o
 .text.I2C_Master_ADD10
                0x08004788       0x52 ./Drivers/STM32F1xx_HAL_Driver/Src/stm32f1xx_hal_i2c.o
 .text.I2C_Master_ADDR
                0x080047da      0x336 ./Drivers/STM32F1xx_HAL_Driver/Src/stm32f1xx_hal_i2c.o
 .text.I2C_SlaveTransmit_TXE
                0x08004b10       0x7a ./Drivers/STM32F1xx_HAL_Driver/Src/stm32f1xx_hal_i2c.o
 .text.I2C_SlaveTransmit_BTF
                0x08004b8a       0x40 ./Drivers/STM32F1xx_HAL_Driver/Src/stm32f1xx_hal_i2c.o
 .text.I2C_SlaveReceive_RXNE
                0x08004bca       0x7c ./Drivers/STM32F1xx_HAL_Driver/Src/stm32f1xx_hal_i2c.o
 .text.I2C_SlaveReceive_BTF
                0x08004c46       0x42 ./Drivers/STM32F1xx_HAL_Driver/Src/stm32f1xx_hal_i2c.o
 .text.I2C_Slave_ADDR
                0x08004c88       0x94 ./Drivers/STM32F1xx_HAL_Driver/Src/stm32f1xx_hal_i2c.o
 .text.I2C_Slave_STOPF
                0x08004d1c      0x260 ./Drivers/STM32F1xx_HAL_Driver/Src/stm32f1xx_hal_i2c.o
 .text.I2C_Slave_AF
                0x08004f7c       0xe8 ./Drivers/STM32F1xx_HAL_Driver/Src/stm32f1xx_hal_i2c.o
 .text.I2C_ITError
                0x08005064      0x264 ./Drivers/STM32F1xx_HAL_Driver/Src/stm32f1xx_hal_i2c.o
 .text.I2C_DMAAbort
                0x080052c8      0x150 ./Drivers/STM32F1xx_HAL_Driver/Src/stm32f1xx_hal_i2c.o
 .text.I2C_WaitOnSTOPRequestThroughIT
                0x08005418       0x64 ./Drivers/STM32F1xx_HAL_Driver/Src/stm32f1xx_hal_i2c.o
 .text.I2C_ConvertOtherXferOptions
                0x0800547c       0x34 ./Drivers/STM32F1xx_HAL_Driver/Src/stm32f1xx_hal_i2c.o
 .text.HAL_RCC_OscConfig
                0x080054b0      0x504 ./Drivers/STM32F1xx_HAL_Driver/Src/stm32f1xx_hal_rcc.o
                0x080054b0                HAL_RCC_OscConfig
 .text.HAL_RCC_ClockConfig
                0x080059b4      0x1d4 ./Drivers/STM32F1xx_HAL_Driver/Src/stm32f1xx_hal_rcc.o
                0x080059b4                HAL_RCC_ClockConfig
 .text.HAL_RCC_MCOConfig
                0x08005b88       0x70 ./Drivers/STM32F1xx_HAL_Driver/Src/stm32f1xx_hal_rcc.o
                0x08005b88                HAL_RCC_MCOConfig
 .text.HAL_RCC_GetSysClockFreq
                0x08005bf8       0xac ./Drivers/STM32F1xx_HAL_Driver/Src/stm32f1xx_hal_rcc.o
                0x08005bf8                HAL_RCC_GetSysClockFreq
 .text.HAL_RCC_GetHCLKFreq
                0x08005ca4       0x14 ./Drivers/STM32F1xx_HAL_Driver/Src/stm32f1xx_hal_rcc.o
                0x08005ca4                HAL_RCC_GetHCLKFreq
 .text.HAL_RCC_GetPCLK1Freq
                0x08005cb8       0x28 ./Drivers/STM32F1xx_HAL_Driver/Src/stm32f1xx_hal_rcc.o
                0x08005cb8                HAL_RCC_GetPCLK1Freq
 .text.HAL_RCC_GetPCLK2Freq
                0x08005ce0       0x28 ./Drivers/STM32F1xx_HAL_Driver/Src/stm32f1xx_hal_rcc.o
                0x08005ce0                HAL_RCC_GetPCLK2Freq
 .text.RCC_Delay
                0x08005d08       0x3c ./Drivers/STM32F1xx_HAL_Driver/Src/stm32f1xx_hal_rcc.o
 .text.HAL_TIM_Base_Init
                0x08005d44       0x9e ./Drivers/STM32F1xx_HAL_Driver/Src/stm32f1xx_hal_tim.o
                0x08005d44                HAL_TIM_Base_Init
 *fill*         0x08005de2        0x2 
 .text.HAL_TIM_Base_Start
                0x08005de4       0x94 ./Drivers/STM32F1xx_HAL_Driver/Src/stm32f1xx_hal_tim.o
                0x08005de4                HAL_TIM_Base_Start
 .text.HAL_TIM_Base_Start_IT
                0x08005e78       0xa4 ./Drivers/STM32F1xx_HAL_Driver/Src/stm32f1xx_hal_tim.o
                0x08005e78                HAL_TIM_Base_Start_IT
 .text.HAL_TIM_Base_Stop_IT
                0x08005f1c       0x5c ./Drivers/STM32F1xx_HAL_Driver/Src/stm32f1xx_hal_tim.o
                0x08005f1c                HAL_TIM_Base_Stop_IT
 .text.HAL_TIM_IRQHandler
                0x08005f78      0x1e0 ./Drivers/STM32F1xx_HAL_Driver/Src/stm32f1xx_hal_tim.o
                0x08005f78                HAL_TIM_IRQHandler
 .text.HAL_TIM_ConfigClockSource
                0x08006158      0x18e ./Drivers/STM32F1xx_HAL_Driver/Src/stm32f1xx_hal_tim.o
                0x08006158                HAL_TIM_ConfigClockSource
 .text.HAL_TIM_OC_DelayElapsedCallback
                0x080062e6       0x12 ./Drivers/STM32F1xx_HAL_Driver/Src/stm32f1xx_hal_tim.o
                0x080062e6                HAL_TIM_OC_DelayElapsedCallback
 .text.HAL_TIM_IC_CaptureCallback
                0x080062f8       0x12 ./Drivers/STM32F1xx_HAL_Driver/Src/stm32f1xx_hal_tim.o
                0x080062f8                HAL_TIM_IC_CaptureCallback
 .text.HAL_TIM_PWM_PulseFinishedCallback
                0x0800630a       0x12 ./Drivers/STM32F1xx_HAL_Driver/Src/stm32f1xx_hal_tim.o
                0x0800630a                HAL_TIM_PWM_PulseFinishedCallback
 .text.HAL_TIM_TriggerCallback
                0x0800631c       0x12 ./Drivers/STM32F1xx_HAL_Driver/Src/stm32f1xx_hal_tim.o
                0x0800631c                HAL_TIM_TriggerCallback
 *fill*         0x0800632e        0x2 
 .text.TIM_Base_SetConfig
                0x08006330       0xdc ./Drivers/STM32F1xx_HAL_Driver/Src/stm32f1xx_hal_tim.o
                0x08006330                TIM_Base_SetConfig
 .text.TIM_TI1_ConfigInputStage
                0x0800640c       0x5c ./Drivers/STM32F1xx_HAL_Driver/Src/stm32f1xx_hal_tim.o
 .text.TIM_TI2_ConfigInputStage
                0x08006468       0x5e ./Drivers/STM32F1xx_HAL_Driver/Src/stm32f1xx_hal_tim.o
 .text.TIM_ITRx_SetConfig
                0x080064c6       0x34 ./Drivers/STM32F1xx_HAL_Driver/Src/stm32f1xx_hal_tim.o
 .text.TIM_ETR_SetConfig
                0x080064fa       0x3e ./Drivers/STM32F1xx_HAL_Driver/Src/stm32f1xx_hal_tim.o
                0x080064fa                TIM_ETR_SetConfig
 .text.HAL_TIMEx_MasterConfigSynchronization
                0x08006538       0xbc ./Drivers/STM32F1xx_HAL_Driver/Src/stm32f1xx_hal_tim_ex.o
                0x08006538                HAL_TIMEx_MasterConfigSynchronization
 .text.HAL_TIMEx_CommutCallback
                0x080065f4       0x12 ./Drivers/STM32F1xx_HAL_Driver/Src/stm32f1xx_hal_tim_ex.o
                0x080065f4                HAL_TIMEx_CommutCallback
 .text.HAL_TIMEx_BreakCallback
                0x08006606       0x12 ./Drivers/STM32F1xx_HAL_Driver/Src/stm32f1xx_hal_tim_ex.o
                0x08006606                HAL_TIMEx_BreakCallback
 .text.HAL_UART_Init
                0x08006618       0xa0 ./Drivers/STM32F1xx_HAL_Driver/Src/stm32f1xx_hal_uart.o
                0x08006618                HAL_UART_Init
 .text.HAL_UART_Transmit
                0x080066b8      0x116 ./Drivers/STM32F1xx_HAL_Driver/Src/stm32f1xx_hal_uart.o
                0x080066b8                HAL_UART_Transmit
 .text.HAL_UART_Receive_IT
                0x080067ce       0x4a ./Drivers/STM32F1xx_HAL_Driver/Src/stm32f1xx_hal_uart.o
                0x080067ce                HAL_UART_Receive_IT
 .text.HAL_UART_IRQHandler
                0x08006818      0x524 ./Drivers/STM32F1xx_HAL_Driver/Src/stm32f1xx_hal_uart.o
                0x08006818                HAL_UART_IRQHandler
 .text.HAL_UART_TxCpltCallback
                0x08006d3c       0x12 ./Drivers/STM32F1xx_HAL_Driver/Src/stm32f1xx_hal_uart.o
                0x08006d3c                HAL_UART_TxCpltCallback
 .text.HAL_UART_ErrorCallback
                0x08006d4e       0x12 ./Drivers/STM32F1xx_HAL_Driver/Src/stm32f1xx_hal_uart.o
                0x08006d4e                HAL_UART_ErrorCallback
 .text.HAL_UARTEx_RxEventCallback
                0x08006d60       0x16 ./Drivers/STM32F1xx_HAL_Driver/Src/stm32f1xx_hal_uart.o
                0x08006d60                HAL_UARTEx_RxEventCallback
 .text.UART_WaitOnFlagUntilTimeout
                0x08006d76       0xb2 ./Drivers/STM32F1xx_HAL_Driver/Src/stm32f1xx_hal_uart.o
 .text.UART_Start_Receive_IT
                0x08006e28       0x72 ./Drivers/STM32F1xx_HAL_Driver/Src/stm32f1xx_hal_uart.o
                0x08006e28                UART_Start_Receive_IT
 .text.UART_EndRxTransfer
                0x08006e9a       0xc4 ./Drivers/STM32F1xx_HAL_Driver/Src/stm32f1xx_hal_uart.o
 .text.UART_DMAAbortOnError
                0x08006f5e       0x28 ./Drivers/STM32F1xx_HAL_Driver/Src/stm32f1xx_hal_uart.o
 .text.UART_Transmit_IT
                0x08006f86       0x9e ./Drivers/STM32F1xx_HAL_Driver/Src/stm32f1xx_hal_uart.o
 .text.UART_EndTransmit_IT
                0x08007024       0x30 ./Drivers/STM32F1xx_HAL_Driver/Src/stm32f1xx_hal_uart.o
 .text.UART_Receive_IT
                0x08007054      0x17c ./Drivers/STM32F1xx_HAL_Driver/Src/stm32f1xx_hal_uart.o
 .text.UART_SetConfig
                0x080071d0      0x11c ./Drivers/STM32F1xx_HAL_Driver/Src/stm32f1xx_hal_uart.o
 .text._Z6promptPhh
                0x080072ec       0x10 ./peripheral/Src/can.o
                0x080072ec                prompt(unsigned char*, unsigned char)
 .text._Z8CAN_INITtt
                0x080072fc       0x64 ./peripheral/Src/can.o
                0x080072fc                CAN_INIT(unsigned short, unsigned short)
 .text._Z6CAN_TxPhht
                0x08007360       0x28 ./peripheral/Src/can.o
                0x08007360                CAN_Tx(unsigned char*, unsigned char, unsigned short)
 .text._Z7rotatorPhh
                0x08007388       0x5c ./peripheral/Src/can.o
                0x08007388                rotator(unsigned char*, unsigned char)
 .text.HAL_CAN_RxFifo0MsgPendingCallback
                0x080073e4       0x3c ./peripheral/Src/can.o
                0x080073e4                HAL_CAN_RxFifo0MsgPendingCallback
 .text._Z10send_int32lPh
                0x08007420       0x10 ./peripheral/Src/can.o
                0x08007420                send_int32(long, unsigned char*)
 .text._Z10send_int16sPh
                0x08007430        0xa ./peripheral/Src/can.o
                0x08007430                send_int16(short, unsigned char*)
 .text._Z13receive_int32Ph
                0x0800743a        0x6 ./peripheral/Src/can.o
                0x0800743a                receive_int32(unsigned char*)
 .text._Z5motorPhh
                0x08007440      0x108 ./peripheral/Src/can.o
                0x08007440                motor(unsigned char*, unsigned char)
 .text._Z12Stepper_InitP17TIM_HandleTypeDef
                0x08007548       0x4c ./peripheral/Src/motors.o
                0x08007548                Stepper_Init(TIM_HandleTypeDef*)
 .text._Z12Stepper_Movel
                0x08007594       0x64 ./peripheral/Src/motors.o
                0x08007594                Stepper_Move(long)
 .text._Z21Stepper_TIM_Interruptv
                0x080075f8      0x130 ./peripheral/Src/motors.o
                0x080075f8                Stepper_TIM_Interrupt()
 .text._Z12Stepper_Stopv
                0x08007728       0x18 ./peripheral/Src/motors.o
                0x08007728                Stepper_Stop()
 .text._Z14Stepper_Enableh
                0x08007740       0x20 ./peripheral/Src/motors.o
                0x08007740                Stepper_Enable(unsigned char)
 .text._Z13Stepper_Resetv
                0x08007760       0x2c ./peripheral/Src/motors.o
                0x08007760                Stepper_Reset()
 .text._Z16Stepper_SetSpeedm
                0x0800778c       0x40 ./peripheral/Src/motors.o
                0x0800778c                Stepper_SetSpeed(unsigned long)
 .text._Z4homev
                0x080077cc       0x74 ./peripheral/Src/rotary.o
                0x080077cc                home()
 .text._Z11rotary_movef
                0x08007840       0x4c ./peripheral/Src/rotary.o
                0x08007840                rotary_move(float)
 .text._Z13Stepper2_Movel
                0x0800788c       0x32 ./peripheral/Src/rotary.o
                0x0800788c                Stepper2_Move(long)
 .text._Z13Stepper2_Stopv
                0x080078be       0x1a ./peripheral/Src/rotary.o
                0x080078be                Stepper2_Stop()
 .text._Z17Stepper2_SetSpeedt
                0x080078d8       0x24 ./peripheral/Src/rotary.o
                0x080078d8                Stepper2_SetSpeed(unsigned short)
 .text._Z15Stepper2_Enableh
                0x080078fc       0x1e ./peripheral/Src/rotary.o
                0x080078fc                Stepper2_Enable(unsigned char)
 .text._Z11reverseDatam
                0x0800791a        0x4 ./peripheral/Src/stepper_setting.o
                0x0800791a                reverseData(unsigned long)
 *fill*         0x0800791e        0x2 
 .text._Z5writehm
                0x08007920       0xa8 ./peripheral/Src/stepper_setting.o
                0x08007920                write(unsigned char, unsigned long)
 .text._Z10gconfSetupR12GlobalConfig
                0x080079c8        0xc ./peripheral/Src/stepper_setting.o
                0x080079c8                gconfSetup(GlobalConfig&)
 .text._Z10cconfSetupR13ChopperConfigh
                0x080079d4       0x18 ./peripheral/Src/stepper_setting.o
                0x080079d4                cconfSetup(ChopperConfig&, unsigned char)
 .text._Z12currentSetupR13DriverCurrenthh
                0x080079ec       0x1a ./peripheral/Src/stepper_setting.o
                0x080079ec                currentSetup(DriverCurrent&, unsigned char, unsigned char)
 .text._Z9coolSetupR10CoolConfig
                0x08007a06        0xc ./peripheral/Src/stepper_setting.o
                0x08007a06                coolSetup(CoolConfig&)
 *fill*         0x08007a12        0x2 
 .text._Z8receivedv
                0x08007a14       0x40 ./peripheral/Src/stepper_setting.o
                0x08007a14                received()
 .text.roundf   0x08007a54       0x48 /Applications/STM32CubeIDE 2.app/Contents/Eclipse/plugins/com.st.stm32cube.ide.mcu.externaltools.gnu-tools-for-stm32.13.3.rel1.macos64_1.0.0.202411102158/tools/bin/../lib/gcc/arm-none-eabi/13.3.1/../../../../arm-none-eabi/lib/thumb/v7-m/nofp/libm.a(libm_a-sf_round.o)
                0x08007a54                roundf
 .text.__cvt    0x08007a9c       0xc8 /Applications/STM32CubeIDE 2.app/Contents/Eclipse/plugins/com.st.stm32cube.ide.mcu.externaltools.gnu-tools-for-stm32.13.3.rel1.macos64_1.0.0.202411102158/tools/bin/../lib/gcc/arm-none-eabi/13.3.1/../../../../arm-none-eabi/lib/thumb/v7-m/nofp/libc_nano.a(libc_a-nano-vfprintf_float.o)
                0x08007a9c                __cvt
 .text.__exponent
                0x08007b64       0x74 /Applications/STM32CubeIDE 2.app/Contents/Eclipse/plugins/com.st.stm32cube.ide.mcu.externaltools.gnu-tools-for-stm32.13.3.rel1.macos64_1.0.0.202411102158/tools/bin/../lib/gcc/arm-none-eabi/13.3.1/../../../../arm-none-eabi/lib/thumb/v7-m/nofp/libc_nano.a(libc_a-nano-vfprintf_float.o)
                0x08007b64                __exponent
 .text._printf_float
                0x08007bd8      0x458 /Applications/STM32CubeIDE 2.app/Contents/Eclipse/plugins/com.st.stm32cube.ide.mcu.externaltools.gnu-tools-for-stm32.13.3.rel1.macos64_1.0.0.202411102158/tools/bin/../lib/gcc/arm-none-eabi/13.3.1/../../../../arm-none-eabi/lib/thumb/v7-m/nofp/libc_nano.a(libc_a-nano-vfprintf_float.o)
                0x08007bd8                _printf_float
 .text._printf_common
                0x08008030       0xe4 /Applications/STM32CubeIDE 2.app/Contents/Eclipse/plugins/com.st.stm32cube.ide.mcu.externaltools.gnu-tools-for-stm32.13.3.rel1.macos64_1.0.0.202411102158/tools/bin/../lib/gcc/arm-none-eabi/13.3.1/../../../../arm-none-eabi/lib/thumb/v7-m/nofp/libc_nano.a(libc_a-nano-vfprintf_i.o)
                0x08008030                _printf_common
 .text._printf_i
                0x08008114      0x23c /Applications/STM32CubeIDE 2.app/Contents/Eclipse/plugins/com.st.stm32cube.ide.mcu.externaltools.gnu-tools-for-stm32.13.3.rel1.macos64_1.0.0.202411102158/tools/bin/../lib/gcc/arm-none-eabi/13.3.1/../../../../arm-none-eabi/lib/thumb/v7-m/nofp/libc_nano.a(libc_a-nano-vfprintf_i.o)
                0x08008114                _printf_i
 .text.std      0x08008350       0x6c /Applications/STM32CubeIDE 2.app/Contents/Eclipse/plugins/com.st.stm32cube.ide.mcu.externaltools.gnu-tools-for-stm32.13.3.rel1.macos64_1.0.0.202411102158/tools/bin/../lib/gcc/arm-none-eabi/13.3.1/../../../../arm-none-eabi/lib/thumb/v7-m/nofp/libc_nano.a(libc_a-findfp.o)
 .text.stdio_exit_handler
                0x080083bc       0x18 /Applications/STM32CubeIDE 2.app/Contents/Eclipse/plugins/com.st.stm32cube.ide.mcu.externaltools.gnu-tools-for-stm32.13.3.rel1.macos64_1.0.0.202411102158/tools/bin/../lib/gcc/arm-none-eabi/13.3.1/../../../../arm-none-eabi/lib/thumb/v7-m/nofp/libc_nano.a(libc_a-findfp.o)
 .text.cleanup_stdio
                0x080083d4       0x40 /Applications/STM32CubeIDE 2.app/Contents/Eclipse/plugins/com.st.stm32cube.ide.mcu.externaltools.gnu-tools-for-stm32.13.3.rel1.macos64_1.0.0.202411102158/tools/bin/../lib/gcc/arm-none-eabi/13.3.1/../../../../arm-none-eabi/lib/thumb/v7-m/nofp/libc_nano.a(libc_a-findfp.o)
 .text.global_stdio_init.part.0
                0x08008414       0x3c /Applications/STM32CubeIDE 2.app/Contents/Eclipse/plugins/com.st.stm32cube.ide.mcu.externaltools.gnu-tools-for-stm32.13.3.rel1.macos64_1.0.0.202411102158/tools/bin/../lib/gcc/arm-none-eabi/13.3.1/../../../../arm-none-eabi/lib/thumb/v7-m/nofp/libc_nano.a(libc_a-findfp.o)
 .text.__sfp_lock_acquire
                0x08008450        0xc /Applications/STM32CubeIDE 2.app/Contents/Eclipse/plugins/com.st.stm32cube.ide.mcu.externaltools.gnu-tools-for-stm32.13.3.rel1.macos64_1.0.0.202411102158/tools/bin/../lib/gcc/arm-none-eabi/13.3.1/../../../../arm-none-eabi/lib/thumb/v7-m/nofp/libc_nano.a(libc_a-findfp.o)
                0x08008450                __sfp_lock_acquire
 .text.__sfp_lock_release
                0x0800845c        0xc /Applications/STM32CubeIDE 2.app/Contents/Eclipse/plugins/com.st.stm32cube.ide.mcu.externaltools.gnu-tools-for-stm32.13.3.rel1.macos64_1.0.0.202411102158/tools/bin/../lib/gcc/arm-none-eabi/13.3.1/../../../../arm-none-eabi/lib/thumb/v7-m/nofp/libc_nano.a(libc_a-findfp.o)
                0x0800845c                __sfp_lock_release
 .text.__sinit  0x08008468       0x30 /Applications/STM32CubeIDE 2.app/Contents/Eclipse/plugins/com.st.stm32cube.ide.mcu.externaltools.gnu-tools-for-stm32.13.3.rel1.macos64_1.0.0.202411102158/tools/bin/../lib/gcc/arm-none-eabi/13.3.1/../../../../arm-none-eabi/lib/thumb/v7-m/nofp/libc_nano.a(libc_a-findfp.o)
                0x08008468                __sinit
 .text._fwalk_sglue
                0x08008498       0x3c /Applications/STM32CubeIDE 2.app/Contents/Eclipse/plugins/com.st.stm32cube.ide.mcu.externaltools.gnu-tools-for-stm32.13.3.rel1.macos64_1.0.0.202411102158/tools/bin/../lib/gcc/arm-none-eabi/13.3.1/../../../../arm-none-eabi/lib/thumb/v7-m/nofp/libc_nano.a(libc_a-fwalk.o)
                0x08008498                _fwalk_sglue
 .text.printf   0x080084d4       0x24 /Applications/STM32CubeIDE 2.app/Contents/Eclipse/plugins/com.st.stm32cube.ide.mcu.externaltools.gnu-tools-for-stm32.13.3.rel1.macos64_1.0.0.202411102158/tools/bin/../lib/gcc/arm-none-eabi/13.3.1/../../../../arm-none-eabi/lib/thumb/v7-m/nofp/libc_nano.a(libc_a-printf.o)
                0x080084d4                printf
                0x080084d4                iprintf
 .text._puts_r  0x080084f8       0xaa /Applications/STM32CubeIDE 2.app/Contents/Eclipse/plugins/com.st.stm32cube.ide.mcu.externaltools.gnu-tools-for-stm32.13.3.rel1.macos64_1.0.0.202411102158/tools/bin/../lib/gcc/arm-none-eabi/13.3.1/../../../../arm-none-eabi/lib/thumb/v7-m/nofp/libc_nano.a(libc_a-puts.o)
                0x080084f8                _puts_r
 *fill*         0x080085a2        0x2 
 .text.puts     0x080085a4       0x10 /Applications/STM32CubeIDE 2.app/Contents/Eclipse/plugins/com.st.stm32cube.ide.mcu.externaltools.gnu-tools-for-stm32.13.3.rel1.macos64_1.0.0.202411102158/tools/bin/../lib/gcc/arm-none-eabi/13.3.1/../../../../arm-none-eabi/lib/thumb/v7-m/nofp/libc_nano.a(libc_a-puts.o)
                0x080085a4                puts
 .text.memset   0x080085b4       0x10 /Applications/STM32CubeIDE 2.app/Contents/Eclipse/plugins/com.st.stm32cube.ide.mcu.externaltools.gnu-tools-for-stm32.13.3.rel1.macos64_1.0.0.202411102158/tools/bin/../lib/gcc/arm-none-eabi/13.3.1/../../../../arm-none-eabi/lib/thumb/v7-m/nofp/libc_nano.a(libc_a-memset.o)
                0x080085b4                memset
 .text.__errno  0x080085c4        0xc /Applications/STM32CubeIDE 2.app/Contents/Eclipse/plugins/com.st.stm32cube.ide.mcu.externaltools.gnu-tools-for-stm32.13.3.rel1.macos64_1.0.0.202411102158/tools/bin/../lib/gcc/arm-none-eabi/13.3.1/../../../../arm-none-eabi/lib/thumb/v7-m/nofp/libc_nano.a(libc_a-errno.o)
                0x080085c4                __errno
 .text.__libc_init_array
                0x080085d0       0x48 /Applications/STM32CubeIDE 2.app/Contents/Eclipse/plugins/com.st.stm32cube.ide.mcu.externaltools.gnu-tools-for-stm32.13.3.rel1.macos64_1.0.0.202411102158/tools/bin/../lib/gcc/arm-none-eabi/13.3.1/../../../../arm-none-eabi/lib/thumb/v7-m/nofp/libc_nano.a(libc_a-init.o)
                0x080085d0                __libc_init_array
 .text.__retarget_lock_init_recursive
                0x08008618        0x2 /Applications/STM32CubeIDE 2.app/Contents/Eclipse/plugins/com.st.stm32cube.ide.mcu.externaltools.gnu-tools-for-stm32.13.3.rel1.macos64_1.0.0.202411102158/tools/bin/../lib/gcc/arm-none-eabi/13.3.1/../../../../arm-none-eabi/lib/thumb/v7-m/nofp/libc_nano.a(libc_a-lock.o)
                0x08008618                __retarget_lock_init_recursive
 .text.__retarget_lock_acquire_recursive
                0x0800861a        0x2 /Applications/STM32CubeIDE 2.app/Contents/Eclipse/plugins/com.st.stm32cube.ide.mcu.externaltools.gnu-tools-for-stm32.13.3.rel1.macos64_1.0.0.202411102158/tools/bin/../lib/gcc/arm-none-eabi/13.3.1/../../../../arm-none-eabi/lib/thumb/v7-m/nofp/libc_nano.a(libc_a-lock.o)
                0x0800861a                __retarget_lock_acquire_recursive
 .text.__retarget_lock_release_recursive
                0x0800861c        0x2 /Applications/STM32CubeIDE 2.app/Contents/Eclipse/plugins/com.st.stm32cube.ide.mcu.externaltools.gnu-tools-for-stm32.13.3.rel1.macos64_1.0.0.202411102158/tools/bin/../lib/gcc/arm-none-eabi/13.3.1/../../../../arm-none-eabi/lib/thumb/v7-m/nofp/libc_nano.a(libc_a-lock.o)
                0x0800861c                __retarget_lock_release_recursive
 *fill*         0x0800861e        0x2 
 .text._localeconv_r
                0x08008620        0x8 /Applications/STM32CubeIDE 2.app/Contents/Eclipse/plugins/com.st.stm32cube.ide.mcu.externaltools.gnu-tools-for-stm32.13.3.rel1.macos64_1.0.0.202411102158/tools/bin/../lib/gcc/arm-none-eabi/13.3.1/../../../../arm-none-eabi/lib/thumb/v7-m/nofp/libc_nano.a(libc_a-localeconv.o)
                0x08008620                _localeconv_r
 .text.strcpy   0x08008628       0x10 /Applications/STM32CubeIDE 2.app/Contents/Eclipse/plugins/com.st.stm32cube.ide.mcu.externaltools.gnu-tools-for-stm32.13.3.rel1.macos64_1.0.0.202411102158/tools/bin/../lib/gcc/arm-none-eabi/13.3.1/../../../../arm-none-eabi/lib/thumb/v7-m/nofp/libc_nano.a(libc_a-strcpy.o)
                0x08008628                strcpy
 .text.memchr   0x08008638       0x1c /Applications/STM32CubeIDE 2.app/Contents/Eclipse/plugins/com.st.stm32cube.ide.mcu.externaltools.gnu-tools-for-stm32.13.3.rel1.macos64_1.0.0.202411102158/tools/bin/../lib/gcc/arm-none-eabi/13.3.1/../../../../arm-none-eabi/lib/thumb/v7-m/nofp/libc_nano.a(libc_a-memchr-stub.o)
                0x08008638                memchr
 .text.quorem   0x08008654      0x110 /Applications/STM32CubeIDE 2.app/Contents/Eclipse/plugins/com.st.stm32cube.ide.mcu.externaltools.gnu-tools-for-stm32.13.3.rel1.macos64_1.0.0.202411102158/tools/bin/../lib/gcc/arm-none-eabi/13.3.1/../../../../arm-none-eabi/lib/thumb/v7-m/nofp/libc_nano.a(libc_a-dtoa.o)
 *fill*         0x08008764        0x4 
 .text._dtoa_r  0x08008768      0xba8 /Applications/STM32CubeIDE 2.app/Contents/Eclipse/plugins/com.st.stm32cube.ide.mcu.externaltools.gnu-tools-for-stm32.13.3.rel1.macos64_1.0.0.202411102158/tools/bin/../lib/gcc/arm-none-eabi/13.3.1/../../../../arm-none-eabi/lib/thumb/v7-m/nofp/libc_nano.a(libc_a-dtoa.o)
                0x08008768                _dtoa_r
 .text.__sfputc_r
                0x08009310       0x2a /Applications/STM32CubeIDE 2.app/Contents/Eclipse/plugins/com.st.stm32cube.ide.mcu.externaltools.gnu-tools-for-stm32.13.3.rel1.macos64_1.0.0.202411102158/tools/bin/../lib/gcc/arm-none-eabi/13.3.1/../../../../arm-none-eabi/lib/thumb/v7-m/nofp/libc_nano.a(libc_a-nano-vfprintf.o)
 .text.__sfputs_r
                0x0800933a       0x24 /Applications/STM32CubeIDE 2.app/Contents/Eclipse/plugins/com.st.stm32cube.ide.mcu.externaltools.gnu-tools-for-stm32.13.3.rel1.macos64_1.0.0.202411102158/tools/bin/../lib/gcc/arm-none-eabi/13.3.1/../../../../arm-none-eabi/lib/thumb/v7-m/nofp/libc_nano.a(libc_a-nano-vfprintf.o)
                0x0800933a                __sfputs_r
 *fill*         0x0800935e        0x2 
 .text._vfprintf_r
                0x08009360      0x230 /Applications/STM32CubeIDE 2.app/Contents/Eclipse/plugins/com.st.stm32cube.ide.mcu.externaltools.gnu-tools-for-stm32.13.3.rel1.macos64_1.0.0.202411102158/tools/bin/../lib/gcc/arm-none-eabi/13.3.1/../../../../arm-none-eabi/lib/thumb/v7-m/nofp/libc_nano.a(libc_a-nano-vfprintf.o)
                0x08009360                _vfiprintf_r
                0x08009360                _vfprintf_r
 .text.malloc   0x08009590       0x10 /Applications/STM32CubeIDE 2.app/Contents/Eclipse/plugins/com.st.stm32cube.ide.mcu.externaltools.gnu-tools-for-stm32.13.3.rel1.macos64_1.0.0.202411102158/tools/bin/../lib/gcc/arm-none-eabi/13.3.1/../../../../arm-none-eabi/lib/thumb/v7-m/nofp/libc_nano.a(libc_a-malloc.o)
                0x08009590                malloc
 .text.sbrk_aligned
                0x080095a0       0x44 /Applications/STM32CubeIDE 2.app/Contents/Eclipse/plugins/com.st.stm32cube.ide.mcu.externaltools.gnu-tools-for-stm32.13.3.rel1.macos64_1.0.0.202411102158/tools/bin/../lib/gcc/arm-none-eabi/13.3.1/../../../../arm-none-eabi/lib/thumb/v7-m/nofp/libc_nano.a(libc_a-mallocr.o)
 .text._malloc_r
                0x080095e4      0x100 /Applications/STM32CubeIDE 2.app/Contents/Eclipse/plugins/com.st.stm32cube.ide.mcu.externaltools.gnu-tools-for-stm32.13.3.rel1.macos64_1.0.0.202411102158/tools/bin/../lib/gcc/arm-none-eabi/13.3.1/../../../../arm-none-eabi/lib/thumb/v7-m/nofp/libc_nano.a(libc_a-mallocr.o)
                0x080095e4                _malloc_r
 .text.__sflush_r
                0x080096e4      0x100 /Applications/STM32CubeIDE 2.app/Contents/Eclipse/plugins/com.st.stm32cube.ide.mcu.externaltools.gnu-tools-for-stm32.13.3.rel1.macos64_1.0.0.202411102158/tools/bin/../lib/gcc/arm-none-eabi/13.3.1/../../../../arm-none-eabi/lib/thumb/v7-m/nofp/libc_nano.a(libc_a-fflush.o)
                0x080096e4                __sflush_r
 .text._fflush_r
                0x080097e4       0x50 /Applications/STM32CubeIDE 2.app/Contents/Eclipse/plugins/com.st.stm32cube.ide.mcu.externaltools.gnu-tools-for-stm32.13.3.rel1.macos64_1.0.0.202411102158/tools/bin/../lib/gcc/arm-none-eabi/13.3.1/../../../../arm-none-eabi/lib/thumb/v7-m/nofp/libc_nano.a(libc_a-fflush.o)
                0x080097e4                _fflush_r
 .text.__malloc_lock
                0x08009834        0xc /Applications/STM32CubeIDE 2.app/Contents/Eclipse/plugins/com.st.stm32cube.ide.mcu.externaltools.gnu-tools-for-stm32.13.3.rel1.macos64_1.0.0.202411102158/tools/bin/../lib/gcc/arm-none-eabi/13.3.1/../../../../arm-none-eabi/lib/thumb/v7-m/nofp/libc_nano.a(libc_a-mlock.o)
                0x08009834                __malloc_lock
 .text.__malloc_unlock
                0x08009840        0xc /Applications/STM32CubeIDE 2.app/Contents/Eclipse/plugins/com.st.stm32cube.ide.mcu.externaltools.gnu-tools-for-stm32.13.3.rel1.macos64_1.0.0.202411102158/tools/bin/../lib/gcc/arm-none-eabi/13.3.1/../../../../arm-none-eabi/lib/thumb/v7-m/nofp/libc_nano.a(libc_a-mlock.o)
                0x08009840                __malloc_unlock
 .text._Balloc  0x0800984c       0x80 /Applications/STM32CubeIDE 2.app/Contents/Eclipse/plugins/com.st.stm32cube.ide.mcu.externaltools.gnu-tools-for-stm32.13.3.rel1.macos64_1.0.0.202411102158/tools/bin/../lib/gcc/arm-none-eabi/13.3.1/../../../../arm-none-eabi/lib/thumb/v7-m/nofp/libc_nano.a(libc_a-mprec.o)
                0x0800984c                _Balloc
 .text._Bfree   0x080098cc       0x44 /Applications/STM32CubeIDE 2.app/Contents/Eclipse/plugins/com.st.stm32cube.ide.mcu.externaltools.gnu-tools-for-stm32.13.3.rel1.macos64_1.0.0.202411102158/tools/bin/../lib/gcc/arm-none-eabi/13.3.1/../../../../arm-none-eabi/lib/thumb/v7-m/nofp/libc_nano.a(libc_a-mprec.o)
                0x080098cc                _Bfree
 .text.__multadd
                0x08009910       0x8c /Applications/STM32CubeIDE 2.app/Contents/Eclipse/plugins/com.st.stm32cube.ide.mcu.externaltools.gnu-tools-for-stm32.13.3.rel1.macos64_1.0.0.202411102158/tools/bin/../lib/gcc/arm-none-eabi/13.3.1/../../../../arm-none-eabi/lib/thumb/v7-m/nofp/libc_nano.a(libc_a-mprec.o)
                0x08009910                __multadd
 .text.__hi0bits
                0x0800999c       0x3e /Applications/STM32CubeIDE 2.app/Contents/Eclipse/plugins/com.st.stm32cube.ide.mcu.externaltools.gnu-tools-for-stm32.13.3.rel1.macos64_1.0.0.202411102158/tools/bin/../lib/gcc/arm-none-eabi/13.3.1/../../../../arm-none-eabi/lib/thumb/v7-m/nofp/libc_nano.a(libc_a-mprec.o)
                0x0800999c                __hi0bits
 .text.__lo0bits
                0x080099da       0x5a /Applications/STM32CubeIDE 2.app/Contents/Eclipse/plugins/com.st.stm32cube.ide.mcu.externaltools.gnu-tools-for-stm32.13.3.rel1.macos64_1.0.0.202411102158/tools/bin/../lib/gcc/arm-none-eabi/13.3.1/../../../../arm-none-eabi/lib/thumb/v7-m/nofp/libc_nano.a(libc_a-mprec.o)
                0x080099da                __lo0bits
 .text.__i2b    0x08009a34       0x2c /Applications/STM32CubeIDE 2.app/Contents/Eclipse/plugins/com.st.stm32cube.ide.mcu.externaltools.gnu-tools-for-stm32.13.3.rel1.macos64_1.0.0.202411102158/tools/bin/../lib/gcc/arm-none-eabi/13.3.1/../../../../arm-none-eabi/lib/thumb/v7-m/nofp/libc_nano.a(libc_a-mprec.o)
                0x08009a34                __i2b
 .text.__multiply
                0x08009a60      0x144 /Applications/STM32CubeIDE 2.app/Contents/Eclipse/plugins/com.st.stm32cube.ide.mcu.externaltools.gnu-tools-for-stm32.13.3.rel1.macos64_1.0.0.202411102158/tools/bin/../lib/gcc/arm-none-eabi/13.3.1/../../../../arm-none-eabi/lib/thumb/v7-m/nofp/libc_nano.a(libc_a-mprec.o)
                0x08009a60                __multiply
 .text.__pow5mult
                0x08009ba4       0xb4 /Applications/STM32CubeIDE 2.app/Contents/Eclipse/plugins/com.st.stm32cube.ide.mcu.externaltools.gnu-tools-for-stm32.13.3.rel1.macos64_1.0.0.202411102158/tools/bin/../lib/gcc/arm-none-eabi/13.3.1/../../../../arm-none-eabi/lib/thumb/v7-m/nofp/libc_nano.a(libc_a-mprec.o)
                0x08009ba4                __pow5mult
 .text.__lshift
                0x08009c58       0xd8 /Applications/STM32CubeIDE 2.app/Contents/Eclipse/plugins/com.st.stm32cube.ide.mcu.externaltools.gnu-tools-for-stm32.13.3.rel1.macos64_1.0.0.202411102158/tools/bin/../lib/gcc/arm-none-eabi/13.3.1/../../../../arm-none-eabi/lib/thumb/v7-m/nofp/libc_nano.a(libc_a-mprec.o)
                0x08009c58                __lshift
 .text.__mcmp   0x08009d30       0x36 /Applications/STM32CubeIDE 2.app/Contents/Eclipse/plugins/com.st.stm32cube.ide.mcu.externaltools.gnu-tools-for-stm32.13.3.rel1.macos64_1.0.0.202411102158/tools/bin/../lib/gcc/arm-none-eabi/13.3.1/../../../../arm-none-eabi/lib/thumb/v7-m/nofp/libc_nano.a(libc_a-mprec.o)
                0x08009d30                __mcmp
 *fill*         0x08009d66        0x2 
 .text.__mdiff  0x08009d68      0x128 /Applications/STM32CubeIDE 2.app/Contents/Eclipse/plugins/com.st.stm32cube.ide.mcu.externaltools.gnu-tools-for-stm32.13.3.rel1.macos64_1.0.0.202411102158/tools/bin/../lib/gcc/arm-none-eabi/13.3.1/../../../../arm-none-eabi/lib/thumb/v7-m/nofp/libc_nano.a(libc_a-mprec.o)
                0x08009d68                __mdiff
 .text.__d2b    0x08009e90       0xb0 /Applications/STM32CubeIDE 2.app/Contents/Eclipse/plugins/com.st.stm32cube.ide.mcu.externaltools.gnu-tools-for-stm32.13.3.rel1.macos64_1.0.0.202411102158/tools/bin/../lib/gcc/arm-none-eabi/13.3.1/../../../../arm-none-eabi/lib/thumb/v7-m/nofp/libc_nano.a(libc_a-mprec.o)
                0x08009e90                __d2b
 .text.__sread  0x08009f40       0x22 /Applications/STM32CubeIDE 2.app/Contents/Eclipse/plugins/com.st.stm32cube.ide.mcu.externaltools.gnu-tools-for-stm32.13.3.rel1.macos64_1.0.0.202411102158/tools/bin/../lib/gcc/arm-none-eabi/13.3.1/../../../../arm-none-eabi/lib/thumb/v7-m/nofp/libc_nano.a(libc_a-stdio.o)
                0x08009f40                __sread
 .text.__swrite
                0x08009f62       0x38 /Applications/STM32CubeIDE 2.app/Contents/Eclipse/plugins/com.st.stm32cube.ide.mcu.externaltools.gnu-tools-for-stm32.13.3.rel1.macos64_1.0.0.202411102158/tools/bin/../lib/gcc/arm-none-eabi/13.3.1/../../../../arm-none-eabi/lib/thumb/v7-m/nofp/libc_nano.a(libc_a-stdio.o)
                0x08009f62                __swrite
 .text.__sseek  0x08009f9a       0x24 /Applications/STM32CubeIDE 2.app/Contents/Eclipse/plugins/com.st.stm32cube.ide.mcu.externaltools.gnu-tools-for-stm32.13.3.rel1.macos64_1.0.0.202411102158/tools/bin/../lib/gcc/arm-none-eabi/13.3.1/../../../../arm-none-eabi/lib/thumb/v7-m/nofp/libc_nano.a(libc_a-stdio.o)
                0x08009f9a                __sseek
 .text.__sclose
                0x08009fbe        0x8 /Applications/STM32CubeIDE 2.app/Contents/Eclipse/plugins/com.st.stm32cube.ide.mcu.externaltools.gnu-tools-for-stm32.13.3.rel1.macos64_1.0.0.202411102158/tools/bin/../lib/gcc/arm-none-eabi/13.3.1/../../../../arm-none-eabi/lib/thumb/v7-m/nofp/libc_nano.a(libc_a-stdio.o)
                0x08009fbe                __sclose
 .text.__swbuf_r
                0x08009fc6       0x7c /Applications/STM32CubeIDE 2.app/Contents/Eclipse/plugins/com.st.stm32cube.ide.mcu.externaltools.gnu-tools-for-stm32.13.3.rel1.macos64_1.0.0.202411102158/tools/bin/../lib/gcc/arm-none-eabi/13.3.1/../../../../arm-none-eabi/lib/thumb/v7-m/nofp/libc_nano.a(libc_a-wbuf.o)
                0x08009fc6                __swbuf_r
 *fill*         0x0800a042        0x2 
 .text.__swsetup_r
                0x0800a044       0xac /Applications/STM32CubeIDE 2.app/Contents/Eclipse/plugins/com.st.stm32cube.ide.mcu.externaltools.gnu-tools-for-stm32.13.3.rel1.macos64_1.0.0.202411102158/tools/bin/../lib/gcc/arm-none-eabi/13.3.1/../../../../arm-none-eabi/lib/thumb/v7-m/nofp/libc_nano.a(libc_a-wsetup.o)
                0x0800a044                __swsetup_r
 .text.__swhatbuf_r
                0x0800a0f0       0x4a /Applications/STM32CubeIDE 2.app/Contents/Eclipse/plugins/com.st.stm32cube.ide.mcu.externaltools.gnu-tools-for-stm32.13.3.rel1.macos64_1.0.0.202411102158/tools/bin/../lib/gcc/arm-none-eabi/13.3.1/../../../../arm-none-eabi/lib/thumb/v7-m/nofp/libc_nano.a(libc_a-makebuf.o)
                0x0800a0f0                __swhatbuf_r
 .text.__smakebuf_r
                0x0800a13a       0x78 /Applications/STM32CubeIDE 2.app/Contents/Eclipse/plugins/com.st.stm32cube.ide.mcu.externaltools.gnu-tools-for-stm32.13.3.rel1.macos64_1.0.0.202411102158/tools/bin/../lib/gcc/arm-none-eabi/13.3.1/../../../../arm-none-eabi/lib/thumb/v7-m/nofp/libc_nano.a(libc_a-makebuf.o)
                0x0800a13a                __smakebuf_r
 *fill*         0x0800a1b2        0x2 
 .text._isatty_r
                0x0800a1b4       0x20 /Applications/STM32CubeIDE 2.app/Contents/Eclipse/plugins/com.st.stm32cube.ide.mcu.externaltools.gnu-tools-for-stm32.13.3.rel1.macos64_1.0.0.202411102158/tools/bin/../lib/gcc/arm-none-eabi/13.3.1/../../../../arm-none-eabi/lib/thumb/v7-m/nofp/libc_nano.a(libc_a-isattyr.o)
                0x0800a1b4                _isatty_r
 .text._lseek_r
                0x0800a1d4       0x24 /Applications/STM32CubeIDE 2.app/Contents/Eclipse/plugins/com.st.stm32cube.ide.mcu.externaltools.gnu-tools-for-stm32.13.3.rel1.macos64_1.0.0.202411102158/tools/bin/../lib/gcc/arm-none-eabi/13.3.1/../../../../arm-none-eabi/lib/thumb/v7-m/nofp/libc_nano.a(libc_a-lseekr.o)
                0x0800a1d4                _lseek_r
 .text._read_r  0x0800a1f8       0x24 /Applications/STM32CubeIDE 2.app/Contents/Eclipse/plugins/com.st.stm32cube.ide.mcu.externaltools.gnu-tools-for-stm32.13.3.rel1.macos64_1.0.0.202411102158/tools/bin/../lib/gcc/arm-none-eabi/13.3.1/../../../../arm-none-eabi/lib/thumb/v7-m/nofp/libc_nano.a(libc_a-readr.o)
                0x0800a1f8                _read_r
 .text._sbrk_r  0x0800a21c       0x20 /Applications/STM32CubeIDE 2.app/Contents/Eclipse/plugins/com.st.stm32cube.ide.mcu.externaltools.gnu-tools-for-stm32.13.3.rel1.macos64_1.0.0.202411102158/tools/bin/../lib/gcc/arm-none-eabi/13.3.1/../../../../arm-none-eabi/lib/thumb/v7-m/nofp/libc_nano.a(libc_a-sbrkr.o)
                0x0800a21c                _sbrk_r
 .text._write_r
                0x0800a23c       0x24 /Applications/STM32CubeIDE 2.app/Contents/Eclipse/plugins/com.st.stm32cube.ide.mcu.externaltools.gnu-tools-for-stm32.13.3.rel1.macos64_1.0.0.202411102158/tools/bin/../lib/gcc/arm-none-eabi/13.3.1/../../../../arm-none-eabi/lib/thumb/v7-m/nofp/libc_nano.a(libc_a-writer.o)
                0x0800a23c                _write_r
 .text._close_r
                0x0800a260       0x20 /Applications/STM32CubeIDE 2.app/Contents/Eclipse/plugins/com.st.stm32cube.ide.mcu.externaltools.gnu-tools-for-stm32.13.3.rel1.macos64_1.0.0.202411102158/tools/bin/../lib/gcc/arm-none-eabi/13.3.1/../../../../arm-none-eabi/lib/thumb/v7-m/nofp/libc_nano.a(libc_a-closer.o)
                0x0800a260                _close_r
 .text._fstat_r
                0x0800a280       0x24 /Applications/STM32CubeIDE 2.app/Contents/Eclipse/plugins/com.st.stm32cube.ide.mcu.externaltools.gnu-tools-for-stm32.13.3.rel1.macos64_1.0.0.202411102158/tools/bin/../lib/gcc/arm-none-eabi/13.3.1/../../../../arm-none-eabi/lib/thumb/v7-m/nofp/libc_nano.a(libc_a-fstatr.o)
                0x0800a280                _fstat_r
 .text.memcpy   0x0800a2a4       0x1c /Applications/STM32CubeIDE 2.app/Contents/Eclipse/plugins/com.st.stm32cube.ide.mcu.externaltools.gnu-tools-for-stm32.13.3.rel1.macos64_1.0.0.202411102158/tools/bin/../lib/gcc/arm-none-eabi/13.3.1/../../../../arm-none-eabi/lib/thumb/v7-m/nofp/libc_nano.a(libc_a-memcpy-stub.o)
                0x0800a2a4                memcpy
 .text.__assert_func
                0x0800a2c0       0x3c /Applications/STM32CubeIDE 2.app/Contents/Eclipse/plugins/com.st.stm32cube.ide.mcu.externaltools.gnu-tools-for-stm32.13.3.rel1.macos64_1.0.0.202411102158/tools/bin/../lib/gcc/arm-none-eabi/13.3.1/../../../../arm-none-eabi/lib/thumb/v7-m/nofp/libc_nano.a(libc_a-assert.o)
                0x0800a2c0                __assert_func
 .text._calloc_r
                0x0800a2fc       0x28 /Applications/STM32CubeIDE 2.app/Contents/Eclipse/plugins/com.st.stm32cube.ide.mcu.externaltools.gnu-tools-for-stm32.13.3.rel1.macos64_1.0.0.202411102158/tools/bin/../lib/gcc/arm-none-eabi/13.3.1/../../../../arm-none-eabi/lib/thumb/v7-m/nofp/libc_nano.a(libc_a-callocr.o)
                0x0800a2fc                _calloc_r
 .text._free_r  0x0800a324       0x90 /Applications/STM32CubeIDE 2.app/Contents/Eclipse/plugins/com.st.stm32cube.ide.mcu.externaltools.gnu-tools-for-stm32.13.3.rel1.macos64_1.0.0.202411102158/tools/bin/../lib/gcc/arm-none-eabi/13.3.1/../../../../arm-none-eabi/lib/thumb/v7-m/nofp/libc_nano.a(libc_a-freer.o)
                0x0800a324                _free_r
 .text.__ascii_mbtowc
                0x0800a3b4       0x24 /Applications/STM32CubeIDE 2.app/Contents/Eclipse/plugins/com.st.stm32cube.ide.mcu.externaltools.gnu-tools-for-stm32.13.3.rel1.macos64_1.0.0.202411102158/tools/bin/../lib/gcc/arm-none-eabi/13.3.1/../../../../arm-none-eabi/lib/thumb/v7-m/nofp/libc_nano.a(libc_a-mbtowc_r.o)
                0x0800a3b4                __ascii_mbtowc
 .text.fprintf  0x0800a3d8       0x24 /Applications/STM32CubeIDE 2.app/Contents/Eclipse/plugins/com.st.stm32cube.ide.mcu.externaltools.gnu-tools-for-stm32.13.3.rel1.macos64_1.0.0.202411102158/tools/bin/../lib/gcc/arm-none-eabi/13.3.1/../../../../arm-none-eabi/lib/thumb/v7-m/nofp/libc_nano.a(libc_a-fprintf.o)
                0x0800a3d8                fprintf
                0x0800a3d8                fiprintf
 .text.__ascii_wctomb
                0x0800a3fc       0x1a /Applications/STM32CubeIDE 2.app/Contents/Eclipse/plugins/com.st.stm32cube.ide.mcu.externaltools.gnu-tools-for-stm32.13.3.rel1.macos64_1.0.0.202411102158/tools/bin/../lib/gcc/arm-none-eabi/13.3.1/../../../../arm-none-eabi/lib/thumb/v7-m/nofp/libc_nano.a(libc_a-wctomb_r.o)
                0x0800a3fc                __ascii_wctomb
 .text.abort    0x0800a416        0xe /Applications/STM32CubeIDE 2.app/Contents/Eclipse/plugins/com.st.stm32cube.ide.mcu.externaltools.gnu-tools-for-stm32.13.3.rel1.macos64_1.0.0.202411102158/tools/bin/../lib/gcc/arm-none-eabi/13.3.1/../../../../arm-none-eabi/lib/thumb/v7-m/nofp/libc_nano.a(libc_a-abort.o)
                0x0800a416                abort
 .text._raise_r
                0x0800a424       0x50 /Applications/STM32CubeIDE 2.app/Contents/Eclipse/plugins/com.st.stm32cube.ide.mcu.externaltools.gnu-tools-for-stm32.13.3.rel1.macos64_1.0.0.202411102158/tools/bin/../lib/gcc/arm-none-eabi/13.3.1/../../../../arm-none-eabi/lib/thumb/v7-m/nofp/libc_nano.a(libc_a-signal.o)
                0x0800a424                _raise_r
 .text.raise    0x0800a474       0x10 /Applications/STM32CubeIDE 2.app/Contents/Eclipse/plugins/com.st.stm32cube.ide.mcu.externaltools.gnu-tools-for-stm32.13.3.rel1.macos64_1.0.0.202411102158/tools/bin/../lib/gcc/arm-none-eabi/13.3.1/../../../../arm-none-eabi/lib/thumb/v7-m/nofp/libc_nano.a(libc_a-signal.o)
                0x0800a474                raise
 .text._kill_r  0x0800a484       0x24 /Applications/STM32CubeIDE 2.app/Contents/Eclipse/plugins/com.st.stm32cube.ide.mcu.externaltools.gnu-tools-for-stm32.13.3.rel1.macos64_1.0.0.202411102158/tools/bin/../lib/gcc/arm-none-eabi/13.3.1/../../../../arm-none-eabi/lib/thumb/v7-m/nofp/libc_nano.a(libc_a-signalr.o)
                0x0800a484                _kill_r
 .text._getpid_r
                0x0800a4a8        0x4 /Applications/STM32CubeIDE 2.app/Contents/Eclipse/plugins/com.st.stm32cube.ide.mcu.externaltools.gnu-tools-for-stm32.13.3.rel1.macos64_1.0.0.202411102158/tools/bin/../lib/gcc/arm-none-eabi/13.3.1/../../../../arm-none-eabi/lib/thumb/v7-m/nofp/libc_nano.a(libc_a-signalr.o)
                0x0800a4a8                _getpid_r
 *(.glue_7)
 .glue_7        0x0800a4ac        0x0 linker stubs
 *(.glue_7t)
 .glue_7t       0x0800a4ac        0x0 linker stubs
 *(.eh_frame)
 .eh_frame      0x0800a4ac        0x0 /Applications/STM32CubeIDE 2.app/Contents/Eclipse/plugins/com.st.stm32cube.ide.mcu.externaltools.gnu-tools-for-stm32.13.3.rel1.macos64_1.0.0.202411102158/tools/bin/../lib/gcc/arm-none-eabi/13.3.1/thumb/v7-m/nofp/crtbegin.o
 *(.init)
 .init          0x0800a4ac        0x4 /Applications/STM32CubeIDE 2.app/Contents/Eclipse/plugins/com.st.stm32cube.ide.mcu.externaltools.gnu-tools-for-stm32.13.3.rel1.macos64_1.0.0.202411102158/tools/bin/../lib/gcc/arm-none-eabi/13.3.1/thumb/v7-m/nofp/crti.o
                0x0800a4ac                _init
 .init          0x0800a4b0        0x8 /Applications/STM32CubeIDE 2.app/Contents/Eclipse/plugins/com.st.stm32cube.ide.mcu.externaltools.gnu-tools-for-stm32.13.3.rel1.macos64_1.0.0.202411102158/tools/bin/../lib/gcc/arm-none-eabi/13.3.1/thumb/v7-m/nofp/crtn.o
 *(.fini)
 .fini          0x0800a4b8        0x4 /Applications/STM32CubeIDE 2.app/Contents/Eclipse/plugins/com.st.stm32cube.ide.mcu.externaltools.gnu-tools-for-stm32.13.3.rel1.macos64_1.0.0.202411102158/tools/bin/../lib/gcc/arm-none-eabi/13.3.1/thumb/v7-m/nofp/crti.o
                0x0800a4b8                _fini
 .fini          0x0800a4bc        0x8 /Applications/STM32CubeIDE 2.app/Contents/Eclipse/plugins/com.st.stm32cube.ide.mcu.externaltools.gnu-tools-for-stm32.13.3.rel1.macos64_1.0.0.202411102158/tools/bin/../lib/gcc/arm-none-eabi/13.3.1/thumb/v7-m/nofp/crtn.o
                0x0800a4c4                        . = ALIGN (0x4)
                0x0800a4c4                        _etext = .

.vfp11_veneer   0x0800a4c4        0x0
 .vfp11_veneer  0x0800a4c4        0x0 linker stubs

.v4_bx          0x0800a4c4        0x0
 .v4_bx         0x0800a4c4        0x0 linker stubs

.iplt           0x0800a4c4        0x0
 .iplt          0x0800a4c4        0x0 /Applications/STM32CubeIDE 2.app/Contents/Eclipse/plugins/com.st.stm32cube.ide.mcu.externaltools.gnu-tools-for-stm32.13.3.rel1.macos64_1.0.0.202411102158/tools/bin/../lib/gcc/arm-none-eabi/13.3.1/thumb/v7-m/nofp/crtbegin.o

.rodata         0x0800a4c8      0x424
                0x0800a4c8                        . = ALIGN (0x4)
 *(.rodata)
 *(.rodata*)
 .rodata.Error_Handler.str1.1
                0x0800a4c8      0x1f8 ./Core/Src/main.o
                                 0x11 (size before relaxing)
 .rodata.main.str1.1
                0x0800a6c0       0x5f ./Core/Src/main.o
 .rodata.AHBPrescTable
                0x0800a6c0       0x10 ./Core/Src/system_stm32f1xx.o
                0x0800a6c0                AHBPrescTable
 .rodata.APBPrescTable
                0x0800a6d0        0x8 ./Core/Src/system_stm32f1xx.o
                0x0800a6d0                APBPrescTable
 .rodata.aPLLMULFactorTable.1
                0x0800a6d8       0x10 ./Drivers/STM32F1xx_HAL_Driver/Src/stm32f1xx_hal_rcc.o
 .rodata.aPredivFactorTable.0
                0x0800a6e8        0x2 ./Drivers/STM32F1xx_HAL_Driver/Src/stm32f1xx_hal_rcc.o
 .rodata._Z6promptPhh.str1.1
                0x0800a6ea        0xe ./peripheral/Src/can.o
 .rodata._Z8receivedv.str1.1
                0x0800a6ea        0xb ./peripheral/Src/stepper_setting.o
 .rodata._printf_float.str1.1
                0x0800a6ea       0x12 /Applications/STM32CubeIDE 2.app/Contents/Eclipse/plugins/com.st.stm32cube.ide.mcu.externaltools.gnu-tools-for-stm32.13.3.rel1.macos64_1.0.0.202411102158/tools/bin/../lib/gcc/arm-none-eabi/13.3.1/../../../../arm-none-eabi/lib/thumb/v7-m/nofp/libc_nano.a(libc_a-nano-vfprintf_float.o)
 .rodata._printf_i.str1.1
                0x0800a6ea       0x22 /Applications/STM32CubeIDE 2.app/Contents/Eclipse/plugins/com.st.stm32cube.ide.mcu.externaltools.gnu-tools-for-stm32.13.3.rel1.macos64_1.0.0.202411102158/tools/bin/../lib/gcc/arm-none-eabi/13.3.1/../../../../arm-none-eabi/lib/thumb/v7-m/nofp/libc_nano.a(libc_a-nano-vfprintf_i.o)
 .rodata._dtoa_r.str1.1
                0x0800a6ea       0x8f /Applications/STM32CubeIDE 2.app/Contents/Eclipse/plugins/com.st.stm32cube.ide.mcu.externaltools.gnu-tools-for-stm32.13.3.rel1.macos64_1.0.0.202411102158/tools/bin/../lib/gcc/arm-none-eabi/13.3.1/../../../../arm-none-eabi/lib/thumb/v7-m/nofp/libc_nano.a(libc_a-dtoa.o)
 .rodata._vfprintf_r.str1.1
                0x0800a6ea       0x11 /Applications/STM32CubeIDE 2.app/Contents/Eclipse/plugins/com.st.stm32cube.ide.mcu.externaltools.gnu-tools-for-stm32.13.3.rel1.macos64_1.0.0.202411102158/tools/bin/../lib/gcc/arm-none-eabi/13.3.1/../../../../arm-none-eabi/lib/thumb/v7-m/nofp/libc_nano.a(libc_a-nano-vfprintf.o)
 .rodata._Balloc.str1.1
                0x0800a6ea       0x70 /Applications/STM32CubeIDE 2.app/Contents/Eclipse/plugins/com.st.stm32cube.ide.mcu.externaltools.gnu-tools-for-stm32.13.3.rel1.macos64_1.0.0.202411102158/tools/bin/../lib/gcc/arm-none-eabi/13.3.1/../../../../arm-none-eabi/lib/thumb/v7-m/nofp/libc_nano.a(libc_a-mprec.o)
 .rodata.__multadd.str1.1
                0x0800a6ea       0x11 /Applications/STM32CubeIDE 2.app/Contents/Eclipse/plugins/com.st.stm32cube.ide.mcu.externaltools.gnu-tools-for-stm32.13.3.rel1.macos64_1.0.0.202411102158/tools/bin/../lib/gcc/arm-none-eabi/13.3.1/../../../../arm-none-eabi/lib/thumb/v7-m/nofp/libc_nano.a(libc_a-mprec.o)
 *fill*         0x0800a6ea        0x2 
 .rodata.p05.0  0x0800a6ec        0xc /Applications/STM32CubeIDE 2.app/Contents/Eclipse/plugins/com.st.stm32cube.ide.mcu.externaltools.gnu-tools-for-stm32.13.3.rel1.macos64_1.0.0.202411102158/tools/bin/../lib/gcc/arm-none-eabi/13.3.1/../../../../arm-none-eabi/lib/thumb/v7-m/nofp/libc_nano.a(libc_a-mprec.o)
 .rodata.__mprec_bigtens
                0x0800a6f8       0x28 /Applications/STM32CubeIDE 2.app/Contents/Eclipse/plugins/com.st.stm32cube.ide.mcu.externaltools.gnu-tools-for-stm32.13.3.rel1.macos64_1.0.0.202411102158/tools/bin/../lib/gcc/arm-none-eabi/13.3.1/../../../../arm-none-eabi/lib/thumb/v7-m/nofp/libc_nano.a(libc_a-mprec.o)
                0x0800a6f8                __mprec_bigtens
 .rodata.__mprec_tens
                0x0800a720       0xc8 /Applications/STM32CubeIDE 2.app/Contents/Eclipse/plugins/com.st.stm32cube.ide.mcu.externaltools.gnu-tools-for-stm32.13.3.rel1.macos64_1.0.0.202411102158/tools/bin/../lib/gcc/arm-none-eabi/13.3.1/../../../../arm-none-eabi/lib/thumb/v7-m/nofp/libc_nano.a(libc_a-mprec.o)
                0x0800a720                __mprec_tens
 .rodata._setlocale_r.str1.1
                0x0800a7e8        0x9 /Applications/STM32CubeIDE 2.app/Contents/Eclipse/plugins/com.st.stm32cube.ide.mcu.externaltools.gnu-tools-for-stm32.13.3.rel1.macos64_1.0.0.202411102158/tools/bin/../lib/gcc/arm-none-eabi/13.3.1/../../../../arm-none-eabi/lib/thumb/v7-m/nofp/libc_nano.a(libc_a-locale.o)
 .rodata.str1.1
                0x0800a7e8        0x2 /Applications/STM32CubeIDE 2.app/Contents/Eclipse/plugins/com.st.stm32cube.ide.mcu.externaltools.gnu-tools-for-stm32.13.3.rel1.macos64_1.0.0.202411102158/tools/bin/../lib/gcc/arm-none-eabi/13.3.1/../../../../arm-none-eabi/lib/thumb/v7-m/nofp/libc_nano.a(libc_a-locale.o)
 .rodata._ctype_
                0x0800a7e8      0x101 /Applications/STM32CubeIDE 2.app/Contents/Eclipse/plugins/com.st.stm32cube.ide.mcu.externaltools.gnu-tools-for-stm32.13.3.rel1.macos64_1.0.0.202411102158/tools/bin/../lib/gcc/arm-none-eabi/13.3.1/../../../../arm-none-eabi/lib/thumb/v7-m/nofp/libc_nano.a(libc_a-ctype_.o)
                0x0800a7e8                _ctype_
 .rodata.__assert_func.str1.1
                0x0800a8e9       0x3d /Applications/STM32CubeIDE 2.app/Contents/Eclipse/plugins/com.st.stm32cube.ide.mcu.externaltools.gnu-tools-for-stm32.13.3.rel1.macos64_1.0.0.202411102158/tools/bin/../lib/gcc/arm-none-eabi/13.3.1/../../../../arm-none-eabi/lib/thumb/v7-m/nofp/libc_nano.a(libc_a-assert.o)
                0x0800a928                        . = ALIGN (0x4)
 *fill*         0x0800a8e9        0x3 

.ARM.extab      0x0800a8ec        0x0
                0x0800a8ec                        . = ALIGN (0x4)
 *(.ARM.extab* .gnu.linkonce.armextab.*)
                0x0800a8ec                        . = ALIGN (0x4)

.ARM            0x0800a8ec        0x8
                0x0800a8ec                        . = ALIGN (0x4)
                0x0800a8ec                        __exidx_start = .
 *(.ARM.exidx*)
 .ARM.exidx     0x0800a8ec        0x8 /Applications/STM32CubeIDE 2.app/Contents/Eclipse/plugins/com.st.stm32cube.ide.mcu.externaltools.gnu-tools-for-stm32.13.3.rel1.macos64_1.0.0.202411102158/tools/bin/../lib/gcc/arm-none-eabi/13.3.1/../../../../arm-none-eabi/lib/thumb/v7-m/nofp/libc_nano.a(libc_a-strcmp.o)
 .ARM.exidx     0x0800a8f4        0x0 /Applications/STM32CubeIDE 2.app/Contents/Eclipse/plugins/com.st.stm32cube.ide.mcu.externaltools.gnu-tools-for-stm32.13.3.rel1.macos64_1.0.0.202411102158/tools/bin/../lib/gcc/arm-none-eabi/13.3.1/../../../../arm-none-eabi/lib/thumb/v7-m/nofp/libc_nano.a(libc_a-strlen.o)
                                  0x8 (size before relaxing)
 .ARM.exidx     0x0800a8f4        0x0 /Applications/STM32CubeIDE 2.app/Contents/Eclipse/plugins/com.st.stm32cube.ide.mcu.externaltools.gnu-tools-for-stm32.13.3.rel1.macos64_1.0.0.202411102158/tools/bin/../lib/gcc/arm-none-eabi/13.3.1/thumb/v7-m/nofp/libgcc.a(_udivmoddi4.o)
                                  0x8 (size before relaxing)
                0x0800a8f4                        __exidx_end = .
                0x0800a8f4                        . = ALIGN (0x4)

.preinit_array  0x0800a8f4        0x0
                0x0800a8f4                        . = ALIGN (0x4)
                0x0800a8f4                        PROVIDE (__preinit_array_start = .)
 *(.preinit_array*)
                0x0800a8f4                        PROVIDE (__preinit_array_end = .)
                0x0800a8f4                        . = ALIGN (0x4)

.init_array     0x0800a8f4        0x4
                0x0800a8f4                        . = ALIGN (0x4)
                0x0800a8f4                        PROVIDE (__init_array_start = .)
 *(SORT_BY_NAME(.init_array.*))
 *(.init_array*)
 .init_array    0x0800a8f4        0x4 /Applications/STM32CubeIDE 2.app/Contents/Eclipse/plugins/com.st.stm32cube.ide.mcu.externaltools.gnu-tools-for-stm32.13.3.rel1.macos64_1.0.0.202411102158/tools/bin/../lib/gcc/arm-none-eabi/13.3.1/thumb/v7-m/nofp/crtbegin.o
                0x0800a8f8                        PROVIDE (__init_array_end = .)
                0x0800a8f8                        . = ALIGN (0x4)

.fini_array     0x0800a8f8        0x4
                0x0800a8f8                        . = ALIGN (0x4)
                [!provide]                        PROVIDE (__fini_array_start = .)
 *(SORT_BY_NAME(.fini_array.*))
 *(.fini_array*)
 .fini_array    0x0800a8f8        0x4 /Applications/STM32CubeIDE 2.app/Contents/Eclipse/plugins/com.st.stm32cube.ide.mcu.externaltools.gnu-tools-for-stm32.13.3.rel1.macos64_1.0.0.202411102158/tools/bin/../lib/gcc/arm-none-eabi/13.3.1/thumb/v7-m/nofp/crtbegin.o
                [!provide]                        PROVIDE (__fini_array_end = .)
                0x0800a8fc                        . = ALIGN (0x4)
                0x0800a8fc                        _sidata = LOADADDR (.data)

.rel.dyn        0x0800a8fc        0x0
 .rel.iplt      0x0800a8fc        0x0 /Applications/STM32CubeIDE 2.app/Contents/Eclipse/plugins/com.st.stm32cube.ide.mcu.externaltools.gnu-tools-for-stm32.13.3.rel1.macos64_1.0.0.202411102158/tools/bin/../lib/gcc/arm-none-eabi/13.3.1/thumb/v7-m/nofp/crtbegin.o

.data           0x20000000      0x1e0 load address 0x0800a8fc
                0x20000000                        . = ALIGN (0x4)
                0x20000000                        _sdata = .
 *(.data)
 *(.data*)
 .data.SystemCoreClock
                0x20000000        0x4 ./Core/Src/system_stm32f1xx.o
                0x20000000                SystemCoreClock
 .data.uwTickPrio
                0x20000004        0x4 ./Drivers/STM32F1xx_HAL_Driver/Src/stm32f1xx_hal.o
                0x20000004                uwTickPrio
 .data.uwTickFreq
                0x20000008        0x1 ./Drivers/STM32F1xx_HAL_Driver/Src/stm32f1xx_hal.o
                0x20000008                uwTickFreq
 *fill*         0x20000009        0x1 
 .data.accel_th
                0x2000000a        0x2 ./peripheral/Src/motors.o
                0x2000000a                accel_th
 .data.accel_rate
                0x2000000c        0x2 ./peripheral/Src/motors.o
                0x2000000c                accel_rate
 *fill*         0x2000000e        0x2 
 .data.speed_default
                0x20000010        0x4 ./peripheral/Src/rotary.o
                0x20000010                speed_default
 .data.hold_current
                0x20000014        0x1 ./peripheral/Src/stepper_setting.o
                0x20000014                hold_current
 .data.current  0x20000015        0x1 ./peripheral/Src/stepper_setting.o
                0x20000015                current
 *fill*         0x20000016        0x2 
 .data.__sglue  0x20000018        0xc /Applications/STM32CubeIDE 2.app/Contents/Eclipse/plugins/com.st.stm32cube.ide.mcu.externaltools.gnu-tools-for-stm32.13.3.rel1.macos64_1.0.0.202411102158/tools/bin/../lib/gcc/arm-none-eabi/13.3.1/../../../../arm-none-eabi/lib/thumb/v7-m/nofp/libc_nano.a(libc_a-findfp.o)
                0x20000018                __sglue
 .data._impure_ptr
                0x20000024        0x4 /Applications/STM32CubeIDE 2.app/Contents/Eclipse/plugins/com.st.stm32cube.ide.mcu.externaltools.gnu-tools-for-stm32.13.3.rel1.macos64_1.0.0.202411102158/tools/bin/../lib/gcc/arm-none-eabi/13.3.1/../../../../arm-none-eabi/lib/thumb/v7-m/nofp/libc_nano.a(libc_a-impure.o)
                0x20000024                _impure_ptr
 .data._impure_data
                0x20000028       0x4c /Applications/STM32CubeIDE 2.app/Contents/Eclipse/plugins/com.st.stm32cube.ide.mcu.externaltools.gnu-tools-for-stm32.13.3.rel1.macos64_1.0.0.202411102158/tools/bin/../lib/gcc/arm-none-eabi/13.3.1/../../../../arm-none-eabi/lib/thumb/v7-m/nofp/libc_nano.a(libc_a-impure.o)
                0x20000028                _impure_data
 .data.__global_locale
                0x20000074      0x16c /Applications/STM32CubeIDE 2.app/Contents/Eclipse/plugins/com.st.stm32cube.ide.mcu.externaltools.gnu-tools-for-stm32.13.3.rel1.macos64_1.0.0.202411102158/tools/bin/../lib/gcc/arm-none-eabi/13.3.1/../../../../arm-none-eabi/lib/thumb/v7-m/nofp/libc_nano.a(libc_a-locale.o)
                0x20000074                __global_locale
 *(.RamFunc)
 *(.RamFunc*)
                0x200001e0                        . = ALIGN (0x4)
                0x200001e0                        _edata = .

.igot.plt       0x200001e0        0x0 load address 0x0800aadc
 .igot.plt      0x200001e0        0x0 /Applications/STM32CubeIDE 2.app/Contents/Eclipse/plugins/com.st.stm32cube.ide.mcu.externaltools.gnu-tools-for-stm32.13.3.rel1.macos64_1.0.0.202411102158/tools/bin/../lib/gcc/arm-none-eabi/13.3.1/thumb/v7-m/nofp/crtbegin.o
                0x200001e0                        . = ALIGN (0x4)

.bss            0x200001e0      0x5b8 load address 0x0800aadc
                0x200001e0                        _sbss = .
                0x200001e0                        __bss_start__ = _sbss
 *(.bss)
 .bss           0x200001e0       0x1c /Applications/STM32CubeIDE 2.app/Contents/Eclipse/plugins/com.st.stm32cube.ide.mcu.externaltools.gnu-tools-for-stm32.13.3.rel1.macos64_1.0.0.202411102158/tools/bin/../lib/gcc/arm-none-eabi/13.3.1/thumb/v7-m/nofp/crtbegin.o
 *(.bss*)
 .bss.uart_rx_buffer
                0x200001fc        0x8 ./Core/Src/main.o
                0x200001fc                uart_rx_buffer
 *fill*         0x20000204        0x4 
 .bss.reply_buffer
                0x20000208        0x8 ./Core/Src/main.o
                0x20000208                reply_buffer
 .bss.string_received
                0x20000210        0x1 ./Core/Src/main.o
                0x20000210                string_received
 .bss.received_string
                0x20000211       0x64 ./Core/Src/main.o
                0x20000211                received_string
 .bss.rx_data   0x20000275        0x1 ./Core/Src/main.o
                0x20000275                rx_data
 .bss.rx_index  0x20000276        0x1 ./Core/Src/main.o
                0x20000276                rx_index
 .bss.rx_buffer
                0x20000277       0x64 ./Core/Src/main.o
                0x20000277                rx_buffer
 *fill*         0x200002db        0x1 
 .bss.hdma_usart3_rx
                0x200002dc       0x44 ./Core/Src/main.o
                0x200002dc                hdma_usart3_rx
 .bss.huart3    0x20000320       0x48 ./Core/Src/main.o
                0x20000320                huart3
 .bss.huart2    0x20000368       0x48 ./Core/Src/main.o
                0x20000368                huart2
 .bss.huart1    0x200003b0       0x48 ./Core/Src/main.o
                0x200003b0                huart1
 .bss.htim4     0x200003f8       0x48 ./Core/Src/main.o
                0x200003f8                htim4
 .bss.htim1     0x20000440       0x48 ./Core/Src/main.o
                0x20000440                htim1
 .bss.hdma_i2c1_tx
                0x20000488       0x44 ./Core/Src/main.o
                0x20000488                hdma_i2c1_tx
 .bss.hdma_i2c1_rx
                0x200004cc       0x44 ./Core/Src/main.o
                0x200004cc                hdma_i2c1_rx
 .bss.hi2c1     0x20000510       0x54 ./Core/Src/main.o
                0x20000510                hi2c1
 .bss.hcan      0x20000564       0x28 ./Core/Src/main.o
                0x20000564                hcan
 .bss.__sbrk_heap_end
                0x2000058c        0x4 ./Core/Src/sysmem.o
 .bss.uwTick    0x20000590        0x4 ./Drivers/STM32F1xx_HAL_Driver/Src/stm32f1xx_hal.o
                0x20000590                uwTick
 .bss.handlers  0x20000594       0x50 ./peripheral/Src/can.o
                0x20000594                handlers
 .bss._ZZ7rotatorPhhE4send
                0x200005e4        0x8 ./peripheral/Src/can.o
 .bss._ZZ5motorPhhE4send
                0x200005ec        0x8 ./peripheral/Src/can.o
 .bss._ZZ21Stepper_TIM_InterruptvE11time_before
                0x200005f4        0x2 ./peripheral/Src/motors.o
 .bss._ZZ12Stepper_MovelE3dir
                0x200005f6        0x1 ./peripheral/Src/motors.o
 *fill*         0x200005f7        0x1 
 .bss.target    0x200005f8        0x2 ./peripheral/Src/motors.o
                0x200005f8                target
 *fill*         0x200005fa        0x6 
 .bss.stepper   0x20000600       0x38 ./peripheral/Src/motors.o
                0x20000600                stepper
 .bss.on_program
                0x20000638        0x1 ./peripheral/Src/rotary.o
                0x20000638                on_program
 .bss.phase     0x20000639        0x1 ./peripheral/Src/rotary.o
                0x20000639                phase
 .bss.sg_result
                0x2000063a        0x2 ./peripheral/Src/stepper_setting.o
                0x2000063a                sg_result
 .bss.cool_config_
                0x2000063c        0x2 ./peripheral/Src/stepper_setting.o
                0x2000063c                cool_config_
 *fill*         0x2000063e        0x2 
 .bss.driver_current_
                0x20000640        0x4 ./peripheral/Src/stepper_setting.o
                0x20000640                driver_current_
 .bss.chopper_config_
                0x20000644        0x4 ./peripheral/Src/stepper_setting.o
                0x20000644                chopper_config_
 .bss.global_config_
                0x20000648        0x4 ./peripheral/Src/stepper_setting.o
                0x20000648                global_config_
 .bss.__sf      0x2000064c      0x138 /Applications/STM32CubeIDE 2.app/Contents/Eclipse/plugins/com.st.stm32cube.ide.mcu.externaltools.gnu-tools-for-stm32.13.3.rel1.macos64_1.0.0.202411102158/tools/bin/../lib/gcc/arm-none-eabi/13.3.1/../../../../arm-none-eabi/lib/thumb/v7-m/nofp/libc_nano.a(libc_a-findfp.o)
                0x2000064c                __sf
 .bss.__stdio_exit_handler