../Core/Src/main.cpp:105:9:int _write(int, char*, int)	8	static
../Core/Src/main.cpp:111:6:void print(char*)	8	static
../Core/Src/main.cpp:115:6:void delay_us(uint16_t)	0	static
../Core/Src/main.cpp:261:6:void HAL_TIM_PeriodElapsedCallback(TIM_HandleTypeDef*)	0	static
../Core/Src/main.cpp:268:6:void HAL_UART_RxCpltCallback(UART_HandleTypeDef*)	16	static
../Core/Src/main.cpp:707:6:void Error_Handler()	8	static,ignoring_inline_asm
../Core/Src/main.cpp:325:6:void SystemClock_Config()	72	static
../Core/Src/main.cpp:126:5:int main()	88	static
